Archive member included to satisfy reference by file (symbol)

c:/progra~2/gnuarm~1/102021~1.10/bin/../lib/gcc/arm-none-eabi/10.3.1/thumb/v6-m/nofp\libgcc.a(_dvmd_tls.o)
                              CMakeFiles\myblink.dir\C_\pico\pico-sdk\src\rp2_common\pico_divider\divider.S.obj (__aeabi_idiv0)
c:/progra~2/gnuarm~1/102021~1.10/bin/../lib/gcc/arm-none-eabi/10.3.1/../../../../arm-none-eabi/lib/thumb/v6-m/nofp\libg.a(lib_a-calloc.o)
                              CMakeFiles\myblink.dir\C_\pico\pico-sdk\src\rp2_common\pico_malloc\pico_malloc.c.obj (calloc)
c:/progra~2/gnuarm~1/102021~1.10/bin/../lib/gcc/arm-none-eabi/10.3.1/../../../../arm-none-eabi/lib/thumb/v6-m/nofp\libg.a(lib_a-callocr.o)
                              c:/progra~2/gnuarm~1/102021~1.10/bin/../lib/gcc/arm-none-eabi/10.3.1/../../../../arm-none-eabi/lib/thumb/v6-m/nofp\libg.a(lib_a-calloc.o) (_calloc_r)
c:/progra~2/gnuarm~1/102021~1.10/bin/../lib/gcc/arm-none-eabi/10.3.1/../../../../arm-none-eabi/lib/thumb/v6-m/nofp\libg.a(lib_a-errno.o)
                              c:/progra~2/gnuarm~1/102021~1.10/bin/../lib/gcc/arm-none-eabi/10.3.1/../../../../arm-none-eabi/lib/thumb/v6-m/nofp\libg.a(lib_a-callocr.o) (__errno)
c:/progra~2/gnuarm~1/102021~1.10/bin/../lib/gcc/arm-none-eabi/10.3.1/../../../../arm-none-eabi/lib/thumb/v6-m/nofp\libg.a(lib_a-impure.o)
                              c:/progra~2/gnuarm~1/102021~1.10/bin/../lib/gcc/arm-none-eabi/10.3.1/../../../../arm-none-eabi/lib/thumb/v6-m/nofp\libg.a(lib_a-calloc.o) (_impure_ptr)
c:/progra~2/gnuarm~1/102021~1.10/bin/../lib/gcc/arm-none-eabi/10.3.1/../../../../arm-none-eabi/lib/thumb/v6-m/nofp\libg.a(lib_a-init.o)
                              c:/progra~2/gnuarm~1/102021~1.10/bin/../lib/gcc/arm-none-eabi/10.3.1/../../../../arm-none-eabi/lib/thumb/v6-m/nofp/crt0.o (__libc_init_array)
c:/progra~2/gnuarm~1/102021~1.10/bin/../lib/gcc/arm-none-eabi/10.3.1/../../../../arm-none-eabi/lib/thumb/v6-m/nofp\libg.a(lib_a-malloc.o)
                              CMakeFiles\myblink.dir\C_\pico\pico-sdk\src\rp2_common\pico_malloc\pico_malloc.c.obj (malloc)
c:/progra~2/gnuarm~1/102021~1.10/bin/../lib/gcc/arm-none-eabi/10.3.1/../../../../arm-none-eabi/lib/thumb/v6-m/nofp\libg.a(lib_a-mallocr.o)
                              c:/progra~2/gnuarm~1/102021~1.10/bin/../lib/gcc/arm-none-eabi/10.3.1/../../../../arm-none-eabi/lib/thumb/v6-m/nofp\libg.a(lib_a-callocr.o) (_malloc_r)
c:/progra~2/gnuarm~1/102021~1.10/bin/../lib/gcc/arm-none-eabi/10.3.1/../../../../arm-none-eabi/lib/thumb/v6-m/nofp\libg.a(lib_a-mlock.o)
                              c:/progra~2/gnuarm~1/102021~1.10/bin/../lib/gcc/arm-none-eabi/10.3.1/../../../../arm-none-eabi/lib/thumb/v6-m/nofp\libg.a(lib_a-mallocr.o) (__malloc_lock)
c:/progra~2/gnuarm~1/102021~1.10/bin/../lib/gcc/arm-none-eabi/10.3.1/../../../../arm-none-eabi/lib/thumb/v6-m/nofp\libg.a(lib_a-sbrkr.o)
                              c:/progra~2/gnuarm~1/102021~1.10/bin/../lib/gcc/arm-none-eabi/10.3.1/../../../../arm-none-eabi/lib/thumb/v6-m/nofp\libg.a(lib_a-mallocr.o) (_sbrk_r)
c:/progra~2/gnuarm~1/102021~1.10/bin/../lib/gcc/arm-none-eabi/10.3.1/../../../../arm-none-eabi/lib/thumb/v6-m/nofp\libg.a(lib_a-strlen-stub.o)
                              CMakeFiles\myblink.dir\C_\pico\pico-sdk\src\rp2_common\pico_stdio\stdio.c.obj (strlen)
c:/progra~2/gnuarm~1/102021~1.10/bin/../lib/gcc/arm-none-eabi/10.3.1/../../../../arm-none-eabi/lib/thumb/v6-m/nofp\libg.a(lib_a-freer.o)
                              c:/progra~2/gnuarm~1/102021~1.10/bin/../lib/gcc/arm-none-eabi/10.3.1/../../../../arm-none-eabi/lib/thumb/v6-m/nofp\libg.a(lib_a-malloc.o) (_free_r)
c:/progra~2/gnuarm~1/102021~1.10/bin/../lib/gcc/arm-none-eabi/10.3.1/../../../../arm-none-eabi/lib/thumb/v6-m/nofp\libg.a(lib_a-lock.o)
                              c:/progra~2/gnuarm~1/102021~1.10/bin/../lib/gcc/arm-none-eabi/10.3.1/../../../../arm-none-eabi/lib/thumb/v6-m/nofp\libg.a(lib_a-mlock.o) (__retarget_lock_acquire_recursive)
c:/progra~2/gnuarm~1/102021~1.10/bin/../lib/gcc/arm-none-eabi/10.3.1/../../../../arm-none-eabi/lib/thumb/v6-m/nofp\libg.a(lib_a-reent.o)
                              c:/progra~2/gnuarm~1/102021~1.10/bin/../lib/gcc/arm-none-eabi/10.3.1/../../../../arm-none-eabi/lib/thumb/v6-m/nofp\libg.a(lib_a-sbrkr.o) (errno)

Discarded input sections

 .text          0x00000000        0x0 c:/progra~2/gnuarm~1/102021~1.10/bin/../lib/gcc/arm-none-eabi/10.3.1/thumb/v6-m/nofp/crti.o
 .data          0x00000000        0x0 c:/progra~2/gnuarm~1/102021~1.10/bin/../lib/gcc/arm-none-eabi/10.3.1/thumb/v6-m/nofp/crti.o
 .bss           0x00000000        0x0 c:/progra~2/gnuarm~1/102021~1.10/bin/../lib/gcc/arm-none-eabi/10.3.1/thumb/v6-m/nofp/crti.o
 .data          0x00000000        0x4 c:/progra~2/gnuarm~1/102021~1.10/bin/../lib/gcc/arm-none-eabi/10.3.1/thumb/v6-m/nofp/crtbegin.o
 .rodata        0x00000000       0x24 c:/progra~2/gnuarm~1/102021~1.10/bin/../lib/gcc/arm-none-eabi/10.3.1/thumb/v6-m/nofp/crtbegin.o
[...]
Memory Configuration

Name             Origin             Length             Attributes
FLASH            0x10000000         0x00200000         xr
RAM              0x20000000         0x00040000         xrw
SCRATCH_X        0x20040000         0x00001000         xrw
SCRATCH_Y        0x20041000         0x00001000         xrw
*default*        0x00000000         0xffffffff

Linker script and memory map

LOAD c:/progra~2/gnuarm~1/102021~1.10/bin/../lib/gcc/arm-none-eabi/10.3.1/thumb/v6-m/nofp/crti.o
LOAD c:/progra~2/gnuarm~1/102021~1.10/bin/../lib/gcc/arm-none-eabi/10.3.1/thumb/v6-m/nofp/crtbegin.o
LOAD c:/progra~2/gnuarm~1/102021~1.10/bin/../lib/gcc/arm-none-eabi/10.3.1/../../../../arm-none-eabi/lib/thumb/v6-m/nofp/crt0.o

.flash_begin    0x10000000        0x0
                0x10000000                __flash_binary_start = .

.boot2          0x10000000      0x100
                0x10000000                __boot2_start__ = .
 *(.boot2)
 .boot2         0x10000000      0x100 C:\Users\Ben\AppData\Local\Temp\cc8Y4Njd.o
                0x10000100                __boot2_end__ = .
                0x00000001                ASSERT (((__boot2_end__ - __boot2_start__) == 0x100), ERROR: Pico second stage bootloader must be 256 bytes in size)

.text           0x10000100     0x4610
                0x10000100                __logical_binary_start = .
 *(.vectors)
 .vectors       0x10000100       0xd4 CMakeFiles\myblink.dir\C_\pico\pico-sdk\src\rp2_common\pico_standard_link\crt0.S.obj
                0x10000100                __VECTOR_TABLE
                0x10000100                __vectors
                0x100001c0                isr_invalid
                0x100001c0                __default_isrs_start
                0x100001c2                isr_nmi
                0x100001c4                isr_hardfault
                0x100001c6                isr_svcall
                0x100001c8                isr_pendsv
                0x100001ca                isr_systick
                0x100001cc                isr_irq23
                0x100001cc                isr_irq18
                0x100001cc                isr_irq11
                0x100001cc                isr_irq28
                0x100001cc                isr_irq19
                0x100001cc                isr_irq0
                0x100001cc                isr_irq6
                0x100001cc                isr_irq5
                0x100001cc                isr_irq12
                0x100001cc                isr_irq22
                0x100001cc                isr_irq31
                0x100001cc                isr_irq17
                0x100001cc                isr_irq27
                0x100001cc                isr_irq30
                0x100001cc                isr_irq2
                0x100001cc                isr_irq10
                0x100001cc                isr_irq8
                0x100001cc                isr_irq24
                0x100001cc                isr_irq1
                0x100001cc                isr_irq7
                0x100001cc                isr_irq21
                0x100001cc                isr_irq20
                0x100001cc                isr_irq15
                0x100001cc                isr_irq25
                0x100001cc                isr_irq13
                0x100001cc                __unhandled_user_irq
                0x100001cc                isr_irq4
                0x100001cc                isr_irq16
                0x100001cc                isr_irq29
                0x100001cc                isr_irq26
                0x100001cc                __default_isrs_end
                0x100001cc                isr_irq3
                0x100001cc                isr_irq14
                0x100001cc                isr_irq9
                0x100001d2                unhandled_user_irq_num_in_r0
 *(.binary_info_header)
 .binary_info_header
                0x100001d4       0x14 CMakeFiles\myblink.dir\C_\pico\pico-sdk\src\rp2_common\pico_standard_link\crt0.S.obj
                0x100001e8                __binary_info_header_end = .
 *(.reset)
 .reset         0x100001e8       0xa8 CMakeFiles\myblink.dir\C_\pico\pico-sdk\src\rp2_common\pico_standard_link\crt0.S.obj
                0x100001e8                _entry_point
                0x10000266                __get_current_exception
 .reset         0x10000290       0x30 CMakeFiles\myblink.dir\C_\pico\pico-sdk\src\rp2_common\pico_standard_link\binary_info.c.obj
 *(.init)
 .init          0x100002c0        0x4 c:/progra~2/gnuarm~1/102021~1.10/bin/../lib/gcc/arm-none-eabi/10.3.1/thumb/v6-m/nofp/crti.o
                0x100002c0                _init
 *(EXCLUDE_FILE(*libm.a: *libc.a:*lib_a-mem*.o *libgcc.a:) .text*)
 .text          0x100002c4       0x48 c:/progra~2/gnuarm~1/102021~1.10/bin/../lib/gcc/arm-none-eabi/10.3.1/thumb/v6-m/nofp/crtbegin.o
 .text.myblink_program_init
                0x1000030c       0xe8 CMakeFiles\myblink.dir\main.c.obj
                0x1000030c                myblink_program_init
 .text.main     0x100003f4       0x74 CMakeFiles\myblink.dir\main.c.obj
                0x100003f4                main
 .text.set_sys_clock_pll
                0x10000468       0x78 CMakeFiles\myblink.dir\C_\pico\pico-sdk\src\rp2_common\pico_stdlib\stdlib.c.obj
                0x10000468                set_sys_clock_pll
 .text.check_sys_clock_khz
                0x100004e0       0xb0 CMakeFiles\myblink.dir\C_\pico\pico-sdk\src\rp2_common\pico_stdlib\stdlib.c.obj
                0x100004e0                check_sys_clock_khz
 .text.gpio_set_function
                0x10000590       0x30 CMakeFiles\myblink.dir\C_\pico\pico-sdk\src\rp2_common\hardware_gpio\gpio.c.obj
                0x10000590                gpio_set_function
 .text.hw_claim_lock
                0x100005c0       0x18 CMakeFiles\myblink.dir\C_\pico\pico-sdk\src\rp2_common\hardware_claim\claim.c.obj
                0x100005c0                hw_claim_lock
 .text.hw_claim_unlock
                0x100005d8       0x14 CMakeFiles\myblink.dir\C_\pico\pico-sdk\src\rp2_common\hardware_claim\claim.c.obj
                0x100005d8                hw_claim_unlock
 .text.hw_claim_or_assert
                0x100005ec       0x32 CMakeFiles\myblink.dir\C_\pico\pico-sdk\src\rp2_common\hardware_claim\claim.c.obj
                0x100005ec                hw_claim_or_assert
 .text.hw_claim_unused_from_range
                0x1000061e       0x50 CMakeFiles\myblink.dir\C_\pico\pico-sdk\src\rp2_common\hardware_claim\claim.c.obj
                0x1000061e                hw_claim_unused_from_range
 *fill*         0x1000066e        0x2 
 .text.running_on_fpga
                0x10000670       0x14 CMakeFiles\myblink.dir\C_\pico\pico-sdk\src\rp2_common\pico_platform\platform.c.obj
                0x10000670                running_on_fpga
 .text.spin_locks_reset
                0x10000684       0x20 CMakeFiles\myblink.dir\C_\pico\pico-sdk\src\rp2_common\hardware_sync\sync.c.obj
                0x10000684                spin_locks_reset
 .text.next_striped_spin_lock_num
                0x100006a4       0x1c CMakeFiles\myblink.dir\C_\pico\pico-sdk\src\rp2_common\hardware_sync\sync.c.obj
                0x100006a4                next_striped_spin_lock_num
 .text.alarm_pool_post_alloc_init
                0x100006c0       0x40 CMakeFiles\myblink.dir\C_\pico\pico-sdk\src\common\pico_time\time.c.obj
 .text.sleep_until_callback
                0x10000700       0x30 CMakeFiles\myblink.dir\C_\pico\pico-sdk\src\common\pico_time\time.c.obj
 .text.timer_pool_entry_comparator
                0x10000730       0x7c CMakeFiles\myblink.dir\C_\pico\pico-sdk\src\common\pico_time\time.c.obj
                0x10000730                timer_pool_entry_comparator
 .text.ph_add_child_node
                0x100007ac       0xa4 CMakeFiles\myblink.dir\C_\pico\pico-sdk\src\common\pico_time\time.c.obj
 .text.ph_merge_nodes
                0x10000850       0x3e CMakeFiles\myblink.dir\C_\pico\pico-sdk\src\common\pico_time\time.c.obj
 *fill*         0x1000088e        0x2 
 .text.add_alarm_under_lock
                0x10000890      0x174 CMakeFiles\myblink.dir\C_\pico\pico-sdk\src\common\pico_time\time.c.obj
 .text.alarm_pool_alarm_callback
                0x10000a04      0x328 CMakeFiles\myblink.dir\C_\pico\pico-sdk\src\common\pico_time\time.c.obj
 .text.alarm_pool_init_default
                0x10000d2c       0x38 CMakeFiles\myblink.dir\C_\pico\pico-sdk\src\common\pico_time\time.c.obj
                0x10000d2c                alarm_pool_init_default
 .text.alarm_pool_get_default
                0x10000d64       0x2c CMakeFiles\myblink.dir\C_\pico\pico-sdk\src\common\pico_time\time.c.obj
                0x10000d64                alarm_pool_get_default
 .text.alarm_pool_add_alarm_at
                0x10000d90      0x170 CMakeFiles\myblink.dir\C_\pico\pico-sdk\src\common\pico_time\time.c.obj
                0x10000d90                alarm_pool_add_alarm_at
 .text.sleep_until
                0x10000f00       0xfc CMakeFiles\myblink.dir\C_\pico\pico-sdk\src\common\pico_time\time.c.obj
                0x10000f00                sleep_until
 .text.sleep_us
                0x10000ffc       0x58 CMakeFiles\myblink.dir\C_\pico\pico-sdk\src\common\pico_time\time.c.obj
                0x10000ffc                sleep_us
 .text.sleep_ms
                0x10001054       0x14 CMakeFiles\myblink.dir\C_\pico\pico-sdk\src\common\pico_time\time.c.obj
                0x10001054                sleep_ms
 .text.hardware_alarm_irq_handler
                0x10001068       0x8c CMakeFiles\myblink.dir\C_\pico\pico-sdk\src\rp2_common\hardware_timer\timer.c.obj
 .text.hardware_alarm_claim
                0x100010f4       0x18 CMakeFiles\myblink.dir\C_\pico\pico-sdk\src\rp2_common\hardware_timer\timer.c.obj
                0x100010f4                hardware_alarm_claim
 .text.time_us_64
                0x1000110c       0x18 CMakeFiles\myblink.dir\C_\pico\pico-sdk\src\rp2_common\hardware_timer\timer.c.obj
                0x1000110c                time_us_64
 .text.busy_wait_until
                0x10001124       0x28 CMakeFiles\myblink.dir\C_\pico\pico-sdk\src\rp2_common\hardware_timer\timer.c.obj
                0x10001124                busy_wait_until
 .text.hardware_alarm_set_callback
                0x1000114c       0x90 CMakeFiles\myblink.dir\C_\pico\pico-sdk\src\rp2_common\hardware_timer\timer.c.obj
                0x1000114c                hardware_alarm_set_callback
 .text.hardware_alarm_set_target
                0x100011dc       0xe8 CMakeFiles\myblink.dir\C_\pico\pico-sdk\src\rp2_common\hardware_timer\timer.c.obj
                0x100011dc                hardware_alarm_set_target
 .text.hardware_alarm_cancel
                0x100012c4       0x40 CMakeFiles\myblink.dir\C_\pico\pico-sdk\src\rp2_common\hardware_timer\timer.c.obj
                0x100012c4                hardware_alarm_cancel
 .text.lock_init
                0x10001304       0x10 CMakeFiles\myblink.dir\C_\pico\pico-sdk\src\common\pico_sync\lock_core.c.obj
                0x10001304                lock_init
 .text.mutex_init
                0x10001314       0x1a CMakeFiles\myblink.dir\C_\pico\pico-sdk\src\common\pico_sync\mutex.c.obj
                0x10001314                mutex_init
 .text.recursive_mutex_init
                0x1000132e       0x1e CMakeFiles\myblink.dir\C_\pico\pico-sdk\src\common\pico_sync\mutex.c.obj
                0x1000132e                recursive_mutex_init
 .text.ph_add_child_node
                0x1000134c       0xa4 CMakeFiles\myblink.dir\C_\pico\pico-sdk\src\common\pico_util\pheap.c.obj
 .text.ph_merge_nodes
                0x100013f0       0x3e CMakeFiles\myblink.dir\C_\pico\pico-sdk\src\common\pico_util\pheap.c.obj
 *fill*         0x1000142e        0x2 
 .text.ph_clear
                0x10001430       0x70 CMakeFiles\myblink.dir\C_\pico\pico-sdk\src\common\pico_util\pheap.c.obj
                0x10001430                ph_clear
 .text.ph_post_alloc_init
                0x100014a0        0xe CMakeFiles\myblink.dir\C_\pico\pico-sdk\src\common\pico_util\pheap.c.obj
                0x100014a0                ph_post_alloc_init
 *fill*         0x100014ae        0x2 
 .text.ph_merge_two_pass
                0x100014b0       0xa8 CMakeFiles\myblink.dir\C_\pico\pico-sdk\src\common\pico_util\pheap.c.obj
                0x100014b0                ph_merge_two_pass
 .text.ph_remove_any_head
                0x10001558      0x108 CMakeFiles\myblink.dir\C_\pico\pico-sdk\src\common\pico_util\pheap.c.obj
 .text.ph_remove_head
                0x10001660       0x14 CMakeFiles\myblink.dir\C_\pico\pico-sdk\src\common\pico_util\pheap.c.obj
                0x10001660                ph_remove_head
 .text.ph_remove_and_free_node
                0x10001674       0xf8 CMakeFiles\myblink.dir\C_\pico\pico-sdk\src\common\pico_util\pheap.c.obj
                0x10001674                ph_remove_and_free_node
 .text._exit    0x1000176c        0x4 CMakeFiles\myblink.dir\C_\pico\pico-sdk\src\rp2_common\pico_runtime\runtime.c.obj
                0x1000176c                _exit
 .text.exit     0x10001770        0x6 CMakeFiles\myblink.dir\C_\pico\pico-sdk\src\rp2_common\pico_runtime\runtime.c.obj
                0x10001770                exit
 *fill*         0x10001776        0x2 
 .text.__assert_func
                0x10001778       0x3c CMakeFiles\myblink.dir\C_\pico\pico-sdk\src\rp2_common\pico_runtime\runtime.c.obj
                0x10001778                __assert_func
 .text.runtime_init
                0x100017b4       0xf8 CMakeFiles\myblink.dir\C_\pico\pico-sdk\src\rp2_common\pico_runtime\runtime.c.obj
                0x100017b4                runtime_init
 .text.panic    0x100018ac       0x30 CMakeFiles\myblink.dir\C_\pico\pico-sdk\src\rp2_common\pico_runtime\runtime.c.obj
                0x100018ac                panic
 .text.clock_configure
                0x100018dc      0x104 CMakeFiles\myblink.dir\C_\pico\pico-sdk\src\rp2_common\hardware_clocks\clocks.c.obj
                0x100018dc                clock_configure
 .text.clocks_init
                0x100019e0      0x100 CMakeFiles\myblink.dir\C_\pico\pico-sdk\src\rp2_common\hardware_clocks\clocks.c.obj
                0x100019e0                clocks_init
 .text.clock_get_hz
                0x10001ae0        0xc CMakeFiles\myblink.dir\C_\pico\pico-sdk\src\rp2_common\hardware_clocks\clocks.c.obj
                0x10001ae0                clock_get_hz
 .text.set_raw_irq_handler_and_unlock
                0x10001aec       0x28 CMakeFiles\myblink.dir\C_\pico\pico-sdk\src\rp2_common\hardware_irq\irq.c.obj
 .text.make_branch
                0x10001b14       0x34 CMakeFiles\myblink.dir\C_\pico\pico-sdk\src\rp2_common\hardware_irq\irq.c.obj
 .text.insert_branch_and_link
                0x10001b48       0x40 CMakeFiles\myblink.dir\C_\pico\pico-sdk\src\rp2_common\hardware_irq\irq.c.obj
 .text.irq_is_enabled
                0x10001b88       0x18 CMakeFiles\myblink.dir\C_\pico\pico-sdk\src\rp2_common\hardware_irq\irq.c.obj
                0x10001b88                irq_is_enabled
 .text.irq_set_mask_enabled
                0x10001ba0       0x20 CMakeFiles\myblink.dir\C_\pico\pico-sdk\src\rp2_common\hardware_irq\irq.c.obj
                0x10001ba0                irq_set_mask_enabled
 .text.irq_set_enabled
                0x10001bc0        0xe CMakeFiles\myblink.dir\C_\pico\pico-sdk\src\rp2_common\hardware_irq\irq.c.obj
                0x10001bc0                irq_set_enabled
 *fill*         0x10001bce        0x2 
 .text.irq_get_vtable_handler
                0x10001bd0       0x10 CMakeFiles\myblink.dir\C_\pico\pico-sdk\src\rp2_common\hardware_irq\irq.c.obj
                0x10001bd0                irq_get_vtable_handler
 .text.irq_set_exclusive_handler
                0x10001be0       0x54 CMakeFiles\myblink.dir\C_\pico\pico-sdk\src\rp2_common\hardware_irq\irq.c.obj
                0x10001be0                irq_set_exclusive_handler
 .text.irq_remove_handler
                0x10001c34      0x1ac CMakeFiles\myblink.dir\C_\pico\pico-sdk\src\rp2_common\hardware_irq\irq.c.obj
                0x10001c34                irq_remove_handler
 .text.irq_add_tail_to_free_list
                0x10001de0       0xf0 CMakeFiles\myblink.dir\C_\pico\pico-sdk\src\rp2_common\hardware_irq\irq.c.obj
                0x10001de0                irq_add_tail_to_free_list
 .text.irq_init_priorities
                0x10001ed0       0x1c CMakeFiles\myblink.dir\C_\pico\pico-sdk\src\rp2_common\hardware_irq\irq.c.obj
                0x10001ed0                irq_init_priorities
 .text.pll_init
                0x10001eec      0x118 CMakeFiles\myblink.dir\C_\pico\pico-sdk\src\rp2_common\hardware_pll\pll.c.obj
                0x10001eec                pll_init
 .text.watchdog_start_tick
                0x10002004       0x10 CMakeFiles\myblink.dir\C_\pico\pico-sdk\src\rp2_common\hardware_watchdog\watchdog.c.obj
                0x10002004                watchdog_start_tick
 .text.xosc_init
                0x10002014       0x28 CMakeFiles\myblink.dir\C_\pico\pico-sdk\src\rp2_common\hardware_xosc\xosc.c.obj
                0x10002014                xosc_init
 .text._out_null
                0x1000203c        0x2 CMakeFiles\myblink.dir\C_\pico\pico-sdk\src\rp2_common\pico_printf\printf.c.obj
 .text._out_fct
                0x1000203e        0xe CMakeFiles\myblink.dir\C_\pico\pico-sdk\src\rp2_common\pico_printf\printf.c.obj
 .text._atoi    0x1000204c       0x24 CMakeFiles\myblink.dir\C_\pico\pico-sdk\src\rp2_common\pico_printf\printf.c.obj
 .text._out_rev
                0x10002070       0xae CMakeFiles\myblink.dir\C_\pico\pico-sdk\src\rp2_common\pico_printf\printf.c.obj
 .text._ntoa_format
                0x1000211e      0x112 CMakeFiles\myblink.dir\C_\pico\pico-sdk\src\rp2_common\pico_printf\printf.c.obj
 .text._ntoa_long
                0x10002230       0xbc CMakeFiles\myblink.dir\C_\pico\pico-sdk\src\rp2_common\pico_printf\printf.c.obj
 .text._ntoa_long_long
                0x100022ec       0xe2 CMakeFiles\myblink.dir\C_\pico\pico-sdk\src\rp2_common\pico_printf\printf.c.obj
 *fill*         0x100023ce        0x2 
 .text._etoa    0x100023d0      0x414 CMakeFiles\myblink.dir\C_\pico\pico-sdk\src\rp2_common\pico_printf\printf.c.obj
 .text._ftoa    0x100027e4      0x354 CMakeFiles\myblink.dir\C_\pico\pico-sdk\src\rp2_common\pico_printf\printf.c.obj
 .text._vsnprintf
                0x10002b38      0x624 CMakeFiles\myblink.dir\C_\pico\pico-sdk\src\rp2_common\pico_printf\printf.c.obj
 .text.vfctprintf
                0x1000315c       0x20 CMakeFiles\myblink.dir\C_\pico\pico-sdk\src\rp2_common\pico_printf\printf.c.obj
                0x1000315c                vfctprintf
 .text          0x1000317c       0x10 CMakeFiles\myblink.dir\C_\pico\pico-sdk\src\rp2_common\pico_bit_ops\bit_ops_aeabi.S.obj
 .text.rom_func_lookup
                0x1000318c       0x10 CMakeFiles\myblink.dir\C_\pico\pico-sdk\src\rp2_common\pico_bootrom\bootrom.c.obj
                0x1000318c                rom_func_lookup
 .text.rom_data_lookup
                0x1000319c       0x10 CMakeFiles\myblink.dir\C_\pico\pico-sdk\src\rp2_common\pico_bootrom\bootrom.c.obj
                0x1000319c                rom_data_lookup
 .text.rom_funcs_lookup
                0x100031ac       0x36 CMakeFiles\myblink.dir\C_\pico\pico-sdk\src\rp2_common\pico_bootrom\bootrom.c.obj
                0x100031ac                rom_funcs_lookup
 *fill*         0x100031e2        0x2 
 .text.__wrap___aeabi_idiv
                0x100031e4       0x50 CMakeFiles\myblink.dir\C_\pico\pico-sdk\src\rp2_common\pico_divider\divider.S.obj
                0x100031e4                __wrap___aeabi_idivmod
                0x100031e4                divmod_s32s32
                0x100031e4                div_s32s32
                0x100031e4                __wrap___aeabi_idiv
                0x100031ec                divmod_s32s32_unsafe
                0x10003218                divmod_s32s32_savestate
 .text.__wrap___aeabi_uidiv
                0x10003234       0x4c CMakeFiles\myblink.dir\C_\pico\pico-sdk\src\rp2_common\pico_divider\divider.S.obj
                0x10003234                __wrap___aeabi_uidiv
                0x10003234                __wrap___aeabi_uidivmod
                0x10003234                div_u32u32
                0x10003234                divmod_u32u32
                0x1000323c                divmod_u32u32_unsafe
                0x10003264                divmod_u32u32_savestate
 .text.__wrap___aeabi_ldiv
                0x10003280      0x434 CMakeFiles\myblink.dir\C_\pico\pico-sdk\src\rp2_common\pico_divider\divider.S.obj
                0x10003280                div_s64s64
                0x10003280                divmod_s64s64
                0x10003280                __wrap___aeabi_ldivmod
                0x100032b8                divmod_u64u64
                0x100032b8                div_u64u64
                0x100032b8                __wrap___aeabi_uldivmod
                0x100032c8                divmod_u64u64_savestate
                0x100032f0                divmod_s64s64_unsafe
                0x10003378                divmod_u64u64_unsafe
 .text.__wrap___aeabi_darithmetic
                0x100036b4       0x80 CMakeFiles\myblink.dir\C_\pico\pico-sdk\src\rp2_common\pico_double\double_aeabi.S.obj
                0x100036b4                __wrap___aeabi_drsub
                0x100036ba                __wrap___aeabi_dsub
                0x100036cc                __wrap___aeabi_dadd
                0x100036de                __wrap___aeabi_ddiv
                0x1000371a                __wrap___aeabi_dmul
 .text.__wrap___aeabi_cdcmple
                0x10003734       0x6c CMakeFiles\myblink.dir\C_\pico\pico-sdk\src\rp2_common\pico_double\double_aeabi.S.obj
                0x10003734                __wrap___aeabi_cdrcmple
                0x10003744                __wrap___aeabi_cdcmpeq
                0x10003744                __wrap___aeabi_cdcmple
 .text.__wrap___aeabi_dcmplt
                0x100037a0        0xc CMakeFiles\myblink.dir\C_\pico\pico-sdk\src\rp2_common\pico_double\double_aeabi.S.obj
                0x100037a0                __wrap___aeabi_dcmplt
 .text.__wrap___aeabi_dcmple
                0x100037ac       0x10 CMakeFiles\myblink.dir\C_\pico\pico-sdk\src\rp2_common\pico_double\double_aeabi.S.obj
                0x100037ac                __wrap___aeabi_dcmple
 .text.__wrap___aeabi_dcmpge
                0x100037bc       0x10 CMakeFiles\myblink.dir\C_\pico\pico-sdk\src\rp2_common\pico_double\double_aeabi.S.obj
                0x100037bc                __wrap___aeabi_dcmpge
 .text.__wrap___aeabi_dcmpgt
                0x100037cc        0xa CMakeFiles\myblink.dir\C_\pico\pico-sdk\src\rp2_common\pico_double\double_aeabi.S.obj
                0x100037cc                __wrap___aeabi_dcmpgt
 .text.__wrap___aeabi_dcmpun
                0x100037d6       0x1c CMakeFiles\myblink.dir\C_\pico\pico-sdk\src\rp2_common\pico_double\double_aeabi.S.obj
                0x100037d6                __wrap___aeabi_dcmpun
 *fill*         0x100037f2        0x2 
 .text.__wrap___aeabi_i2d
                0x100037f4       0x38 CMakeFiles\myblink.dir\C_\pico\pico-sdk\src\rp2_common\pico_double\double_aeabi.S.obj
                0x100037f4                __wrap___aeabi_ui2d
                0x100037fc                __wrap___aeabi_i2d
 .text.__wrap___aeabi_d2iz
                0x1000382c       0x48 CMakeFiles\myblink.dir\C_\pico\pico-sdk\src\rp2_common\pico_double\double_aeabi.S.obj
                0x1000382c                double2int_z
                0x1000382c                __wrap___aeabi_d2iz
 .text.__wrap___aeabi_d2uiz
                0x10003874       0x18 CMakeFiles\myblink.dir\C_\pico\pico-sdk\src\rp2_common\pico_double\double_aeabi.S.obj
                0x10003874                __wrap___aeabi_d2uiz
                0x10003874                double2uint
 .text.__aeabi_double_init
                0x1000388c       0xc8 CMakeFiles\myblink.dir\C_\pico\pico-sdk\src\rp2_common\pico_double\double_init_rom.c.obj
                0x1000388c                __aeabi_double_init
 .text.double_table_shim_on_use_helper
                0x10003954       0x34 CMakeFiles\myblink.dir\C_\pico\pico-sdk\src\rp2_common\pico_double\double_v1_rom_shim.S.obj
                0x10003954                double_table_shim_on_use_helper
 .text.__wrap___aeabi_dsub
                0x10003988       0x10 CMakeFiles\myblink.dir\C_\pico\pico-sdk\src\rp2_common\pico_double\double_v1_rom_shim.S.obj
                0x10003988                drsub_shim
                0x1000398e                dsub_shim
 .text.dadd_shim
                0x10003998      0x15c CMakeFiles\myblink.dir\C_\pico\pico-sdk\src\rp2_common\pico_double\double_v1_rom_shim.S.obj
                0x10003998                dadd_shim
 .text.dmul_shim
                0x10003af4      0x15c CMakeFiles\myblink.dir\C_\pico\pico-sdk\src\rp2_common\pico_double\double_v1_rom_shim.S.obj
                0x10003af4                dmul_shim
 .text.ddiv_shim
                0x10003c50      0x1b0 CMakeFiles\myblink.dir\C_\pico\pico-sdk\src\rp2_common\pico_double\double_v1_rom_shim.S.obj
                0x10003c50                ddiv_shim
 .text.double2uint_shim
                0x10003e00        0xe CMakeFiles\myblink.dir\C_\pico\pico-sdk\src\rp2_common\pico_double\double_v1_rom_shim.S.obj
                0x10003e00                double2uint_shim
                0x10003e02                double2ufix_shim
 *fill*         0x10003e0e        0x2 
 .text.double2uint64_shim
                0x10003e10       0x70 CMakeFiles\myblink.dir\C_\pico\pico-sdk\src\rp2_common\pico_double\double_v1_rom_shim.S.obj
                0x10003e10                double2uint64_shim
                0x10003e12                double2ufix64_shim
                0x10003e32                d2fix_a
 .text.dunpacks
                0x10003e80       0x3c CMakeFiles\myblink.dir\C_\pico\pico-sdk\src\rp2_common\pico_double\double_v1_rom_shim.S.obj
                0x10003e80                dunpacks
 .text.__aeabi_lmul
                0x10003ebc       0x32 CMakeFiles\myblink.dir\C_\pico\pico-sdk\src\rp2_common\pico_int64_ops\pico_int64_ops_aeabi.S.obj
                0x10003ebc                __wrap___aeabi_lmul
 *fill*         0x10003eee        0x2 
 .text.__wrap___aeabi_farithmetic
                0x10003ef0       0x58 CMakeFiles\myblink.dir\C_\pico\pico-sdk\src\rp2_common\pico_float\float_aeabi.S.obj
                0x10003ef0                __wrap___aeabi_frsub
                0x10003ef6                __wrap___aeabi_fsub
                0x10003f00                __wrap___aeabi_fadd
                0x10003f0a                __wrap___aeabi_fdiv
                0x10003f36                __wrap___aeabi_fmul
 .text.__wrap___aeabi_ui2f
                0x10003f48        0xa CMakeFiles\myblink.dir\C_\pico\pico-sdk\src\rp2_common\pico_float\float_aeabi.S.obj
                0x10003f48                __wrap___aeabi_ui2f
 *fill*         0x10003f52        0x2 
 .text.__wrap___aeabi_i2f
                0x10003f54       0x44 CMakeFiles\myblink.dir\C_\pico\pico-sdk\src\rp2_common\pico_float\float_aeabi.S.obj
                0x10003f54                __wrap___aeabi_i2f
 .text.__wrap___aeabi_f2uiz
                0x10003f98       0x10 CMakeFiles\myblink.dir\C_\pico\pico-sdk\src\rp2_common\pico_float\float_aeabi.S.obj
                0x10003f98                __wrap___aeabi_f2uiz
 .text.__aeabi_float_init
                0x10003fa8       0xfc CMakeFiles\myblink.dir\C_\pico\pico-sdk\src\rp2_common\pico_float\float_init_rom.c.obj
                0x10003fa8                __aeabi_float_init
 .text.float_table_shim_on_use_helper
                0x100040a4       0x34 CMakeFiles\myblink.dir\C_\pico\pico-sdk\src\rp2_common\pico_float\float_v1_rom_shim.S.obj
                0x100040a4                float_table_shim_on_use_helper
 .text          0x100040d8       0x10 CMakeFiles\myblink.dir\C_\pico\pico-sdk\src\rp2_common\pico_mem_ops\mem_ops_aeabi.S.obj
                0x100040d8                __aeabi_mem_init
 .text.memset   0x100040e8        0xc CMakeFiles\myblink.dir\C_\pico\pico-sdk\src\rp2_common\pico_mem_ops\mem_ops_aeabi.S.obj
                0x100040e8                __wrap_memset
 .text.memcpy   0x100040f4        0xc CMakeFiles\myblink.dir\C_\pico\pico-sdk\src\rp2_common\pico_mem_ops\mem_ops_aeabi.S.obj
                0x100040f4                __wrap_memcpy
                0x100040f4                __wrap___aeabi_memcpy
 .text.stdio_out_chars_no_crlf
                0x10004100        0xe CMakeFiles\myblink.dir\C_\pico\pico-sdk\src\rp2_common\pico_stdio\stdio.c.obj
 *fill*         0x1000410e        0x2 
 .text.stdio_out_chars_crlf
                0x10004110       0x80 CMakeFiles\myblink.dir\C_\pico\pico-sdk\src\rp2_common\pico_stdio\stdio.c.obj
 .text.stdio_stack_buffer_flush
                0x10004190       0x44 CMakeFiles\myblink.dir\C_\pico\pico-sdk\src\rp2_common\pico_stdio\stdio.c.obj
 .text.stdio_buffered_printer
                0x100041d4       0x20 CMakeFiles\myblink.dir\C_\pico\pico-sdk\src\rp2_common\pico_stdio\stdio.c.obj
 .text.stdout_serialize_begin
                0x100041f4       0x30 CMakeFiles\myblink.dir\C_\pico\pico-sdk\src\rp2_common\pico_stdio\stdio.c.obj
                0x100041f4                stdout_serialize_begin
 .text.stdout_serialize_end
                0x10004224       0x10 CMakeFiles\myblink.dir\C_\pico\pico-sdk\src\rp2_common\pico_stdio\stdio.c.obj
                0x10004224                stdout_serialize_end
 .text.stdio_put_string
                0x10004234       0x98 CMakeFiles\myblink.dir\C_\pico\pico-sdk\src\rp2_common\pico_stdio\stdio.c.obj
 .text.stdio_flush
                0x100042cc       0x20 CMakeFiles\myblink.dir\C_\pico\pico-sdk\src\rp2_common\pico_stdio\stdio.c.obj
                0x100042cc                stdio_flush
 .text.__wrap_puts
                0x100042ec       0x1e CMakeFiles\myblink.dir\C_\pico\pico-sdk\src\rp2_common\pico_stdio\stdio.c.obj
                0x100042ec                __wrap_puts
 *fill*         0x1000430a        0x2 
 .text.__wrap_vprintf
                0x1000430c       0x44 CMakeFiles\myblink.dir\C_\pico\pico-sdk\src\rp2_common\pico_stdio\stdio.c.obj
                0x1000430c                __wrap_vprintf
 .text.__wrap_printf
                0x10004350       0x18 CMakeFiles\myblink.dir\C_\pico\pico-sdk\src\rp2_common\pico_stdio\stdio.c.obj
                0x10004350                __wrap_printf
 .text._pio_can_add_program_at_offset
                0x10004368       0x3c CMakeFiles\myblink.dir\C_\pico\pico-sdk\src\rp2_common\hardware_pio\pio.c.obj
 .text._pio_find_offset_for_program
                0x100043a4       0x7c CMakeFiles\myblink.dir\C_\pico\pico-sdk\src\rp2_common\hardware_pio\pio.c.obj
 .text._pio_add_program_at_offset
                0x10004420       0x78 CMakeFiles\myblink.dir\C_\pico\pico-sdk\src\rp2_common\hardware_pio\pio.c.obj
 .text.pio_claim_unused_sm
                0x10004498       0x3c CMakeFiles\myblink.dir\C_\pico\pico-sdk\src\rp2_common\hardware_pio\pio.c.obj
                0x10004498                pio_claim_unused_sm
 .text.pio_add_program
                0x100044d4       0x38 CMakeFiles\myblink.dir\C_\pico\pico-sdk\src\rp2_common\hardware_pio\pio.c.obj
                0x100044d4                pio_add_program
 .text.pio_sm_set_consecutive_pindirs
                0x1000450c       0x70 CMakeFiles\myblink.dir\C_\pico\pico-sdk\src\rp2_common\hardware_pio\pio.c.obj
                0x1000450c                pio_sm_set_consecutive_pindirs
 .text.pio_sm_init
                0x1000457c       0xe4 CMakeFiles\myblink.dir\C_\pico\pico-sdk\src\rp2_common\hardware_pio\pio.c.obj
                0x1000457c                pio_sm_init
 .text.strlen   0x10004660       0x5c c:/progra~2/gnuarm~1/102021~1.10/bin/../lib/gcc/arm-none-eabi/10.3.1/../../../../arm-none-eabi/lib/thumb/v6-m/nofp\libg.a(lib_a-strlen-stub.o)
                0x10004660                strlen
 *(.fini)
 .fini          0x100046bc        0x4 c:/progra~2/gnuarm~1/102021~1.10/bin/../lib/gcc/arm-none-eabi/10.3.1/thumb/v6-m/nofp/crti.o
                0x100046bc                _fini
 .fini.__stub   0x100046c0       0x50 linker stubs
 *crtbegin.o(.ctors)
 *crtbegin?.o(.ctors)
 *(EXCLUDE_FILE(*crtend.o *crtend?.o) .ctors)
 *(SORT_BY_NAME(.ctors.*))
 *(.ctors)
 *crtbegin.o(.dtors)
 *crtbegin?.o(.dtors)
 *(EXCLUDE_FILE(*crtend.o *crtend?.o) .dtors)
 *(SORT_BY_NAME(.dtors.*))
 *(.dtors)
 *(.eh_frame*)
 .eh_frame      0x10004710        0x0 c:/progra~2/gnuarm~1/102021~1.10/bin/../lib/gcc/arm-none-eabi/10.3.1/thumb/v6-m/nofp/crtbegin.o
                0x10004710                . = ALIGN (0x4)

.glue_7         0x10004710        0x0
 .glue_7        0x10004710        0x0 linker stubs

.glue_7t        0x10004710        0x0
 .glue_7t       0x10004710        0x0 linker stubs

.vfp11_veneer   0x10004710        0x0
 .vfp11_veneer  0x10004710        0x0 linker stubs

.v4_bx          0x10004710        0x0
 .v4_bx         0x10004710        0x0 linker stubs

.iplt           0x10004710        0x0
 .iplt          0x10004710        0x0 c:/progra~2/gnuarm~1/102021~1.10/bin/../lib/gcc/arm-none-eabi/10.3.1/thumb/v6-m/nofp/crtbegin.o

.rodata         0x10004710      0xe74
 *(EXCLUDE_FILE(*libm.a: *libc.a:*lib_a-mem*.o *libgcc.a:) .rodata*)
 .rodata.main.str1.4
                0x10004710       0x32 CMakeFiles\myblink.dir\main.c.obj
 *fill*         0x10004742        0x2 
 .rodata.myblink_program
                0x10004744        0x6 CMakeFiles\myblink.dir\main.c.obj
 *fill*         0x1000474a        0x2 
 .rodata.myblink_program_instructions
                0x1000474c        0x4 CMakeFiles\myblink.dir\main.c.obj
 .rodata.repeating_timer_callback.str1.4
                0x10004750       0x41 CMakeFiles\myblink.dir\C_\pico\pico-sdk\src\common\pico_time\time.c.obj
 *fill*         0x10004791        0x3 
 .rodata.alarm_pool_dump_key.str1.4
                0x10004794       0x33 CMakeFiles\myblink.dir\C_\pico\pico-sdk\src\common\pico_time\time.c.obj
 *fill*         0x100047c7        0x1 
 .rodata.ph_add_child_node.str1.4
                0x100047c8       0x8a CMakeFiles\myblink.dir\C_\pico\pico-sdk\src\common\pico_time\time.c.obj
 *fill*         0x10004852        0x2 
 .rodata.add_alarm_under_lock.str1.4
                0x10004854       0x28 CMakeFiles\myblink.dir\C_\pico\pico-sdk\src\common\pico_time\time.c.obj
                                 0x2b (size before relaxing)
 .rodata.alarm_pool_alarm_callback.str1.4
                0x1000487c       0xda CMakeFiles\myblink.dir\C_\pico\pico-sdk\src\common\pico_time\time.c.obj
 *fill*         0x10004956        0x2 
 .rodata.alarm_pool_get_default.str1.4
                0x10004958       0x21 CMakeFiles\myblink.dir\C_\pico\pico-sdk\src\common\pico_time\time.c.obj
 *fill*         0x10004979        0x3 
 .rodata.sleep_until.str1.4
                0x1000497c       0x4d CMakeFiles\myblink.dir\C_\pico\pico-sdk\src\common\pico_time\time.c.obj
 *fill*         0x100049c9        0x3 
 .rodata.__func__.10
                0x100049cc       0x15 CMakeFiles\myblink.dir\C_\pico\pico-sdk\src\common\pico_time\time.c.obj
 *fill*         0x100049e1        0x3 
 .rodata.__func__.11
                0x100049e4       0x1a CMakeFiles\myblink.dir\C_\pico\pico-sdk\src\common\pico_time\time.c.obj
 *fill*         0x100049fe        0x2 
 .rodata.__func__.12
                0x10004a00        0xa CMakeFiles\myblink.dir\C_\pico\pico-sdk\src\common\pico_time\time.c.obj
 *fill*         0x10004a0a        0x2 
 .rodata.__func__.3
                0x10004a0c       0x17 CMakeFiles\myblink.dir\C_\pico\pico-sdk\src\common\pico_time\time.c.obj
 *fill*         0x10004a23        0x1 
 .rodata.__func__.4
                0x10004a24       0x12 CMakeFiles\myblink.dir\C_\pico\pico-sdk\src\common\pico_time\time.c.obj
 *fill*         0x10004a36        0x2 
 .rodata.__func__.5
                0x10004a38        0xd CMakeFiles\myblink.dir\C_\pico\pico-sdk\src\common\pico_time\time.c.obj
 *fill*         0x10004a45        0x3 
 .rodata.__func__.6
                0x10004a48       0x12 CMakeFiles\myblink.dir\C_\pico\pico-sdk\src\common\pico_time\time.c.obj
 *fill*         0x10004a5a        0x2 
 .rodata.__func__.7
                0x10004a5c        0xf CMakeFiles\myblink.dir\C_\pico\pico-sdk\src\common\pico_time\time.c.obj
 *fill*         0x10004a6b        0x1 
 .rodata.__func__.8
                0x10004a6c        0xc CMakeFiles\myblink.dir\C_\pico\pico-sdk\src\common\pico_time\time.c.obj
 .rodata.__func__.9
                0x10004a78       0x15 CMakeFiles\myblink.dir\C_\pico\pico-sdk\src\common\pico_time\time.c.obj
 *fill*         0x10004a8d        0x3 
 .rodata.hardware_alarm_claim.str1.4
                0x10004a90       0x22 CMakeFiles\myblink.dir\C_\pico\pico-sdk\src\rp2_common\hardware_timer\timer.c.obj
 *fill*         0x10004ab2        0x2 
 .rodata.hardware_alarm_set_target.str1.4
                0x10004ab4       0x5b CMakeFiles\myblink.dir\C_\pico\pico-sdk\src\rp2_common\hardware_timer\timer.c.obj
 *fill*         0x10004b0f        0x1 
 .rodata.__func__.0
                0x10004b10       0x1a CMakeFiles\myblink.dir\C_\pico\pico-sdk\src\rp2_common\hardware_timer\timer.c.obj
 *fill*         0x10004b2a        0x2 
 .rodata.str1.4
                0x10004b2c       0x81 CMakeFiles\myblink.dir\C_\pico\pico-sdk\src\common\pico_sync\mutex.c.obj
                                 0xd9 (size before relaxing)
 *fill*         0x10004bad        0x3 
 .rodata.__func__.1
                0x10004bb0        0xb CMakeFiles\myblink.dir\C_\pico\pico-sdk\src\common\pico_sync\mutex.c.obj
 .rodata.ph_add_child_node.str1.4
                0x10004bbb       0x8a CMakeFiles\myblink.dir\C_\pico\pico-sdk\src\common\pico_util\pheap.c.obj
 *fill*         0x10004bbb        0x1 
 .rodata.ph_remove_any_head.str1.4
                0x10004bbc       0x84 CMakeFiles\myblink.dir\C_\pico\pico-sdk\src\common\pico_util\pheap.c.obj
 .rodata.ph_remove_and_free_node.str1.4
                0x10004c40       0x26 CMakeFiles\myblink.dir\C_\pico\pico-sdk\src\common\pico_util\pheap.c.obj
 *fill*         0x10004c66        0x2 
 .rodata.__func__.0
                0x10004c68       0x18 CMakeFiles\myblink.dir\C_\pico\pico-sdk\src\common\pico_util\pheap.c.obj
 .rodata.__func__.1
                0x10004c80       0x13 CMakeFiles\myblink.dir\C_\pico\pico-sdk\src\common\pico_util\pheap.c.obj
 *fill*         0x10004c93        0x1 
 .rodata.__func__.2
                0x10004c94       0x12 CMakeFiles\myblink.dir\C_\pico\pico-sdk\src\common\pico_util\pheap.c.obj
 *fill*         0x10004ca6        0x2 
 .rodata.__func__.3
                0x10004ca8        0xc CMakeFiles\myblink.dir\C_\pico\pico-sdk\src\common\pico_util\pheap.c.obj
 .rodata.__assert_func.str1.4
                0x10004cb4       0x3f CMakeFiles\myblink.dir\C_\pico\pico-sdk\src\rp2_common\pico_runtime\runtime.c.obj
                                 0x43 (size before relaxing)
 *fill*         0x10004cf3        0x1 
 .rodata.runtime_init.str1.4
                0x10004cf4       0x57 CMakeFiles\myblink.dir\C_\pico\pico-sdk\src\rp2_common\pico_runtime\runtime.c.obj
 *fill*         0x10004d4b        0x1 
 .rodata.panic.str1.4
                0x10004d4c       0x12 CMakeFiles\myblink.dir\C_\pico\pico-sdk\src\rp2_common\pico_runtime\runtime.c.obj
 *fill*         0x10004d5e        0x2 
 .rodata.__func__.1
                0x10004d60        0xd CMakeFiles\myblink.dir\C_\pico\pico-sdk\src\rp2_common\pico_runtime\runtime.c.obj
 *fill*         0x10004d6d        0x3 
 .rodata.clock_configure.str1.4
                0x10004d70       0x4d CMakeFiles\myblink.dir\C_\pico\pico-sdk\src\rp2_common\hardware_clocks\clocks.c.obj
 *fill*         0x10004dbd        0x3 
 .rodata.__func__.1
                0x10004dc0       0x10 CMakeFiles\myblink.dir\C_\pico\pico-sdk\src\rp2_common\hardware_clocks\clocks.c.obj
 .rodata.make_branch.str1.4
                0x10004dd0       0x43 CMakeFiles\myblink.dir\C_\pico\pico-sdk\src\rp2_common\hardware_irq\irq.c.obj
 *fill*         0x10004e13        0x1 
 .rodata.irq_set_exclusive_handler.str1.4
                0x10004e14       0x36 CMakeFiles\myblink.dir\C_\pico\pico-sdk\src\rp2_common\hardware_irq\irq.c.obj
 *fill*         0x10004e4a        0x2 
 .rodata.irq_add_shared_handler.str1.4
                0x10004e4c       0xd9 CMakeFiles\myblink.dir\C_\pico\pico-sdk\src\rp2_common\hardware_irq\irq.c.obj
 *fill*         0x10004f25        0x3 
 .rodata.irq_remove_handler.str1.4
                0x10004f28       0x2a CMakeFiles\myblink.dir\C_\pico\pico-sdk\src\rp2_common\hardware_irq\irq.c.obj
 *fill*         0x10004f52        0x2 
 .rodata.irq_add_tail_to_free_list.str1.4
                0x10004f54       0x32 CMakeFiles\myblink.dir\C_\pico\pico-sdk\src\rp2_common\hardware_irq\irq.c.obj
                                 0x3a (size before relaxing)
 *fill*         0x10004f86        0x2 
 .rodata.__func__.0
                0x10004f88       0x1a CMakeFiles\myblink.dir\C_\pico\pico-sdk\src\rp2_common\hardware_irq\irq.c.obj
 *fill*         0x10004fa2        0x2 
 .rodata.__func__.1
                0x10004fa4       0x17 CMakeFiles\myblink.dir\C_\pico\pico-sdk\src\rp2_common\hardware_irq\irq.c.obj
 *fill*         0x10004fbb        0x1 
 .rodata.__func__.2
                0x10004fbc       0x13 CMakeFiles\myblink.dir\C_\pico\pico-sdk\src\rp2_common\hardware_irq\irq.c.obj
 *fill*         0x10004fcf        0x1 
 .rodata.__func__.3
                0x10004fd0        0xc CMakeFiles\myblink.dir\C_\pico\pico-sdk\src\rp2_common\hardware_irq\irq.c.obj
 .rodata.__func__.4
                0x10004fdc        0xf CMakeFiles\myblink.dir\C_\pico\pico-sdk\src\rp2_common\hardware_irq\irq.c.obj
 *fill*         0x10004feb        0x1 
 .rodata.__func__.6
                0x10004fec       0x1a CMakeFiles\myblink.dir\C_\pico\pico-sdk\src\rp2_common\hardware_irq\irq.c.obj
 *fill*         0x10005006        0x2 
 .rodata.pll_init.str1.4
                0x10005008       0xcf CMakeFiles\myblink.dir\C_\pico\pico-sdk\src\rp2_common\hardware_pll\pll.c.obj
 *fill*         0x100050d7        0x1 
 .rodata.__func__.0
                0x100050d8        0x9 CMakeFiles\myblink.dir\C_\pico\pico-sdk\src\rp2_common\hardware_pll\pll.c.obj
 *fill*         0x100050e1        0x3 
 .rodata._ftoa.str1.4
                0x100050e4       0x15 CMakeFiles\myblink.dir\C_\pico\pico-sdk\src\rp2_common\pico_printf\printf.c.obj
 *fill*         0x100050f9        0x3 
 .rodata._vsnprintf
                0x100050fc      0x1e0 CMakeFiles\myblink.dir\C_\pico\pico-sdk\src\rp2_common\pico_printf\printf.c.obj
 *fill*         0x100052dc        0x4 
 .rodata.pow10.0
                0x100052e0       0x50 CMakeFiles\myblink.dir\C_\pico\pico-sdk\src\rp2_common\pico_printf\printf.c.obj
 .rodata.__aeabi_double_init.str1.4
                0x10005330       0x9e CMakeFiles\myblink.dir\C_\pico\pico-sdk\src\rp2_common\pico_double\double_init_rom.c.obj
 *fill*         0x100053ce        0x2 
 .rodata.__func__.0
                0x100053d0       0x14 CMakeFiles\myblink.dir\C_\pico\pico-sdk\src\rp2_common\pico_double\double_init_rom.c.obj
 .rodata.__aeabi_float_init.str1.4
                0x100053e4       0x70 CMakeFiles\myblink.dir\C_\pico\pico-sdk\src\rp2_common\pico_float\float_init_rom.c.obj
                                 0x74 (size before relaxing)
 .rodata.__func__.0
                0x10005454       0x13 CMakeFiles\myblink.dir\C_\pico\pico-sdk\src\rp2_common\pico_float\float_init_rom.c.obj
 *fill*         0x10005467        0x1 
 .rodata.str1.4
                0x10005468       0x3c CMakeFiles\myblink.dir\C_\pico\pico-sdk\src\rp2_common\pico_standard_link\binary_info.c.obj
 .rodata.__bi_44
                0x100054a4        0xc CMakeFiles\myblink.dir\C_\pico\pico-sdk\src\rp2_common\pico_standard_link\binary_info.c.obj
 .rodata.__bi_75
                0x100054b0        0xc CMakeFiles\myblink.dir\C_\pico\pico-sdk\src\rp2_common\pico_standard_link\binary_info.c.obj
 .rodata.__bi_81
                0x100054bc        0xc CMakeFiles\myblink.dir\C_\pico\pico-sdk\src\rp2_common\pico_standard_link\binary_info.c.obj
 .rodata.crlf_str.3
                0x100054c8        0x2 CMakeFiles\myblink.dir\C_\pico\pico-sdk\src\rp2_common\pico_stdio\stdio.c.obj
 *fill*         0x100054ca        0x2 
 .rodata._pio_find_offset_for_program.str1.4
                0x100054cc       0x5f CMakeFiles\myblink.dir\C_\pico\pico-sdk\src\rp2_common\hardware_pio\pio.c.obj
 *fill*         0x1000552b        0x1 
 .rodata._pio_add_program_at_offset.str1.4
                0x1000552c       0x11 CMakeFiles\myblink.dir\C_\pico\pico-sdk\src\rp2_common\hardware_pio\pio.c.obj
 *fill*         0x1000553d        0x3 
 .rodata.pio_claim_unused_sm.str1.4
                0x10005540       0x24 CMakeFiles\myblink.dir\C_\pico\pico-sdk\src\rp2_common\hardware_pio\pio.c.obj
 .rodata.__func__.1
                0x10005564       0x1d CMakeFiles\myblink.dir\C_\pico\pico-sdk\src\rp2_common\hardware_pio\pio.c.obj
                0x10005584                . = ALIGN (0x4)
 *fill*         0x10005581        0x3 
 *(SORT_BY_ALIGNMENT(SORT_BY_NAME(.flashdata*)))
                0x10005584                . = ALIGN (0x4)

.rel.dyn        0x10005584        0x0
 .rel.iplt      0x10005584        0x0 c:/progra~2/gnuarm~1/102021~1.10/bin/../lib/gcc/arm-none-eabi/10.3.1/thumb/v6-m/nofp/crtbegin.o

.ARM.extab
 *(.ARM.extab* .gnu.linkonce.armextab.*)
                0x10005584                __exidx_start = .

.ARM.exidx
 *(.ARM.exidx* .gnu.linkonce.armexidx.*)
                0x10005584                __exidx_end = .
                0x10005584                . = ALIGN (0x4)
                0x10005584                __binary_info_start = .

.binary_info    0x10005584       0x1c
 *(.binary_info.keep.*)
 .binary_info.keep.__bi_ptr22
                0x10005584        0x4 CMakeFiles\myblink.dir\C_\pico\pico-sdk\src\rp2_common\pico_standard_link\binary_info.c.obj
 .binary_info.keep.__bi_ptr30
                0x10005588        0x4 CMakeFiles\myblink.dir\C_\pico\pico-sdk\src\rp2_common\pico_standard_link\binary_info.c.obj
 .binary_info.keep.__bi_ptr38
                0x1000558c        0x4 CMakeFiles\myblink.dir\C_\pico\pico-sdk\src\rp2_common\pico_standard_link\binary_info.c.obj
 .binary_info.keep.__bi_ptr44
                0x10005590        0x4 CMakeFiles\myblink.dir\C_\pico\pico-sdk\src\rp2_common\pico_standard_link\binary_info.c.obj
 .binary_info.keep.__bi_ptr50
                0x10005594        0x4 CMakeFiles\myblink.dir\C_\pico\pico-sdk\src\rp2_common\pico_standard_link\binary_info.c.obj
 .binary_info.keep.__bi_ptr75
                0x10005598        0x4 CMakeFiles\myblink.dir\C_\pico\pico-sdk\src\rp2_common\pico_standard_link\binary_info.c.obj
 .binary_info.keep.__bi_ptr81
                0x1000559c        0x4 CMakeFiles\myblink.dir\C_\pico\pico-sdk\src\rp2_common\pico_standard_link\binary_info.c.obj
 *(.binary_info.*)
                0x100055a0                __binary_info_end = .
                0x100055a0                . = ALIGN (0x4)
                0x100055a0                __etext = .

.ram_vector_table
                0x20000000       0xc0
 *(.ram_vector_table)
 .ram_vector_table
                0x20000000       0xc0 CMakeFiles\myblink.dir\C_\pico\pico-sdk\src\rp2_common\pico_runtime\runtime.c.obj
                0x20000000                ram_vector_table

.data           0x200000c0      0x1ac load address 0x100055a0
                0x200000c0                __data_start__ = .
 *(vtable)
 *(.time_critical*)
 .time_critical.mutex_enter_blocking
                0x200000c0       0x48 CMakeFiles\myblink.dir\C_\pico\pico-sdk\src\common\pico_sync\mutex.c.obj
                0x200000c0                mutex_enter_blocking
 .time_critical.mutex_try_enter
                0x20000108       0x46 CMakeFiles\myblink.dir\C_\pico\pico-sdk\src\common\pico_sync\mutex.c.obj
                0x20000108                mutex_try_enter
 *fill*         0x2000014e        0x2 
 .time_critical.mutex_exit
                0x20000150       0x4c CMakeFiles\myblink.dir\C_\pico\pico-sdk\src\common\pico_sync\mutex.c.obj
                0x20000150                mutex_exit
 *(.text*)
 .text          0x2000019c        0x4 c:/progra~2/gnuarm~1/102021~1.10/bin/../lib/gcc/arm-none-eabi/10.3.1/thumb/v6-m/nofp\libgcc.a(_dvmd_tls.o)
                0x2000019c                __aeabi_idiv0
                0x2000019c                __aeabi_ldiv0
 .text.__stub   0x200001a0       0x10 linker stubs
                0x200001b0                . = ALIGN (0x4)
 *(.rodata*)
                0x200001b0                . = ALIGN (0x4)
 *(.data*)
 .data.striped_spin_lock_num
                0x200001b0        0x1 CMakeFiles\myblink.dir\C_\pico\pico-sdk\src\rp2_common\hardware_sync\sync.c.obj
 *fill*         0x200001b1        0x3 
 .data.default_alarm_pool
                0x200001b4       0x18 CMakeFiles\myblink.dir\C_\pico\pico-sdk\src\common\pico_time\time.c.obj
 .data.default_alarm_pool_heap
                0x200001cc       0x10 CMakeFiles\myblink.dir\C_\pico\pico-sdk\src\common\pico_time\time.c.obj
 .data          0x200001dc       0x48 CMakeFiles\myblink.dir\C_\pico\pico-sdk\src\rp2_common\hardware_irq\irq_handler_chain.S.obj
                0x200001dc                irq_handler_chain_slots
                0x2000020c                irq_handler_chain_first_slot
                0x20000216                irq_handler_chain_remove_tail
 *fill*         0x20000224        0xc 
 .data.aeabi_bits_funcs
                0x20000230       0x10 CMakeFiles\myblink.dir\C_\pico\pico-sdk\src\rp2_common\pico_bit_ops\bit_ops_aeabi.S.obj
                0x20000230                aeabi_bits_funcs
                0x20000240                aeabi_bits_funcs_end
 .data.aeabi_mem_funcs
                0x20000240       0x10 CMakeFiles\myblink.dir\C_\pico\pico-sdk\src\rp2_common\pico_mem_ops\mem_ops_aeabi.S.obj
                0x20000240                aeabi_mem_funcs
                0x20000250                aeabi_mem_funcs_end
                0x20000250                . = ALIGN (0x4)
 *(.after_data.*)
                0x20000250                . = ALIGN (0x4)
                0x20000250                PROVIDE (__mutex_array_start = .)
 *(SORT_BY_NAME(.mutex_array.*))
 *(.mutex_array)
 .mutex_array   0x20000250        0x8 CMakeFiles\myblink.dir\C_\pico\pico-sdk\src\rp2_common\pico_stdio\stdio.c.obj
                0x20000258                PROVIDE (__mutex_array_end = .)
                0x20000258                . = ALIGN (0x4)
                0x20000258                PROVIDE (__preinit_array_start = .)
 *(SORT_BY_NAME(.preinit_array.*))
 .preinit_array.00001
                0x20000258        0x4 CMakeFiles\myblink.dir\C_\pico\pico-sdk\src\rp2_common\pico_mem_ops\mem_ops_aeabi.S.obj
 .preinit_array.00010
                0x2000025c        0x4 CMakeFiles\myblink.dir\C_\pico\pico-sdk\src\rp2_common\pico_bit_ops\bit_ops_aeabi.S.obj
 .preinit_array.00020
                0x20000260        0x4 CMakeFiles\myblink.dir\C_\pico\pico-sdk\src\rp2_common\pico_double\double_aeabi.S.obj
 .preinit_array.00020
                0x20000264        0x4 CMakeFiles\myblink.dir\C_\pico\pico-sdk\src\rp2_common\pico_float\float_aeabi.S.obj
 *(.preinit_array)
                0x20000268                PROVIDE (__preinit_array_end = .)
                0x20000268                . = ALIGN (0x4)
                0x20000268                PROVIDE (__init_array_start = .)
 *(SORT_BY_NAME(.init_array.*))
 *(.init_array)
 .init_array    0x20000268        0x4 c:/progra~2/gnuarm~1/102021~1.10/bin/../lib/gcc/arm-none-eabi/10.3.1/thumb/v6-m/nofp/crtbegin.o
                0x2000026c                PROVIDE (__init_array_end = .)
                0x2000026c                . = ALIGN (0x4)
                [!provide]                PROVIDE (__fini_array_start = .)
 *(SORT_BY_NAME(.fini_array.*))
 *(.fini_array)
                [!provide]                PROVIDE (__fini_array_end = .)
 *(.jcr)
                0x2000026c                . = ALIGN (0x4)
                0x2000026c                __data_end__ = .

.igot.plt       0x2000026c        0x0 load address 0x1000574c
 .igot.plt      0x2000026c        0x0 c:/progra~2/gnuarm~1/102021~1.10/bin/../lib/gcc/arm-none-eabi/10.3.1/thumb/v6-m/nofp/crtbegin.o

.uninitialized_data
                0x2000026c        0x0 load address 0x1000574c
                0x2000026c                . = ALIGN (0x4)
 *(.uninitialized_data*)

.scratch_x      0x20040000        0x0 load address 0x1000574c
                0x20040000                __scratch_x_start__ = .
 *(.scratch_x.*)
                0x20040000                . = ALIGN (0x4)
                0x20040000                __scratch_x_end__ = .
                0x1000574c                __scratch_x_source__ = LOADADDR (.scratch_x)

.scratch_y      0x20041000        0x0 load address 0x1000574c
                0x20041000                __scratch_y_start__ = .
 *(.scratch_y.*)
                0x20041000                . = ALIGN (0x4)
                0x20041000                __scratch_y_end__ = .
                0x1000574c                __scratch_y_source__ = LOADADDR (.scratch_y)

.bss            0x20000270      0x3d0
                0x20000270                . = ALIGN (0x4)
                0x20000270                __bss_start__ = .
 *(SORT_BY_ALIGNMENT(SORT_BY_NAME(.bss*)))
 .bss.default_alarm_pool_entries
                0x20000270      0x100 CMakeFiles\myblink.dir\C_\pico\pico-sdk\src\common\pico_time\time.c.obj
 .bss           0x20000370       0x1c c:/progra~2/gnuarm~1/102021~1.10/bin/../lib/gcc/arm-none-eabi/10.3.1/thumb/v6-m/nofp/crtbegin.o
 .bss._used_instruction_space
                0x2000038c        0x8 CMakeFiles\myblink.dir\C_\pico\pico-sdk\src\rp2_common\hardware_pio\pio.c.obj
 .bss.alarm_callbacks
                0x20000394       0x10 CMakeFiles\myblink.dir\C_\pico\pico-sdk\src\rp2_common\hardware_timer\timer.c.obj
 .bss.configured_freq
                0x200003a4       0x28 CMakeFiles\myblink.dir\C_\pico\pico-sdk\src\rp2_common\hardware_clocks\clocks.c.obj
 .bss.default_alarm_pool_entry_ids_high
                0x200003cc       0x10 CMakeFiles\myblink.dir\C_\pico\pico-sdk\src\common\pico_time\time.c.obj
 .bss.default_alarm_pool_heap_nodes
                0x200003dc       0x30 CMakeFiles\myblink.dir\C_\pico\pico-sdk\src\common\pico_time\time.c.obj
 .bss.drivers   0x2000040c        0x4 CMakeFiles\myblink.dir\C_\pico\pico-sdk\src\rp2_common\pico_stdio\stdio.c.obj
 .bss.filter    0x20000410        0x4 CMakeFiles\myblink.dir\C_\pico\pico-sdk\src\rp2_common\pico_stdio\stdio.c.obj
 .bss.pools     0x20000414       0x10 CMakeFiles\myblink.dir\C_\pico\pico-sdk\src\common\pico_time\time.c.obj
 .bss.sd_table  0x20000424      0x100 CMakeFiles\myblink.dir\C_\pico\pico-sdk\src\rp2_common\pico_double\double_init_rom.c.obj
                0x20000424                sd_table
 .bss.sf_clz_func
                0x20000524        0x4 CMakeFiles\myblink.dir\C_\pico\pico-sdk\src\rp2_common\pico_double\double_init_rom.c.obj
                0x20000524                sf_clz_func
 .bss.sf_table  0x20000528      0x100 CMakeFiles\myblink.dir\C_\pico\pico-sdk\src\rp2_common\pico_float\float_init_rom.c.obj
                0x20000528                sf_table
 .bss.sleep_notifier
                0x20000628        0x4 CMakeFiles\myblink.dir\C_\pico\pico-sdk\src\common\pico_time\time.c.obj
 .bss.target_hi
                0x2000062c       0x10 CMakeFiles\myblink.dir\C_\pico\pico-sdk\src\rp2_common\hardware_timer\timer.c.obj
 .bss.claimed   0x2000063c        0x1 CMakeFiles\myblink.dir\C_\pico\pico-sdk\src\rp2_common\hardware_timer\timer.c.obj
 .bss.claimed   0x2000063d        0x1 CMakeFiles\myblink.dir\C_\pico\pico-sdk\src\rp2_common\hardware_pio\pio.c.obj
 .bss.irq_hander_chain_free_slot_head
                0x2000063e        0x1 CMakeFiles\myblink.dir\C_\pico\pico-sdk\src\rp2_common\hardware_irq\irq.c.obj
 .bss.timer_callbacks_pending
                0x2000063f        0x1 CMakeFiles\myblink.dir\C_\pico\pico-sdk\src\rp2_common\hardware_timer\timer.c.obj
 *(COMMON)
                0x20000640                . = ALIGN (0x4)
                0x20000640                __bss_end__ = .

.heap           0x20000640      0x800
                0x20000640                __end__ = .
                0x20000640                end = __end__
 *(.heap*)
 .heap          0x20000640      0x800 CMakeFiles\myblink.dir\C_\pico\pico-sdk\src\rp2_common\pico_standard_link\crt0.S.obj
                0x20000e40                __HeapLimit = .

.stack1_dummy   0x20040000        0x0
 *(.stack1*)

.stack_dummy    0x20041000      0x800
 *(.stack*)
 .stack         0x20041000      0x800 CMakeFiles\myblink.dir\C_\pico\pico-sdk\src\rp2_common\pico_standard_link\crt0.S.obj

.flash_end      0x1000574c        0x0
                0x1000574c                __flash_binary_end = .
                0x20040000                __StackLimit = (ORIGIN (RAM) + LENGTH (RAM))
                0x20041000                __StackOneTop = (ORIGIN (SCRATCH_X) + LENGTH (SCRATCH_X))
                0x20042000                __StackTop = (ORIGIN (SCRATCH_Y) + LENGTH (SCRATCH_Y))
                0x20041000                __StackOneBottom = (__StackOneTop - SIZEOF (.stack1_dummy))
                0x20041800                __StackBottom = (__StackTop - SIZEOF (.stack_dummy))
                0x20042000                PROVIDE (__stack = __StackTop)
                0x00000001                ASSERT ((__StackLimit >= __HeapLimit), region RAM overflowed)
                0x00000001                ASSERT (((__binary_info_header_end - __logical_binary_start) <= 0x100), Binary info must be in first 256 bytes of the binary)
LOAD CMakeFiles\myblink.dir\main.c.obj
LOAD CMakeFiles\myblink.dir\C_\pico\pico-sdk\src\rp2_common\pico_stdlib\stdlib.c.obj
LOAD CMakeFiles\myblink.dir\C_\pico\pico-sdk\src\rp2_common\hardware_gpio\gpio.c.obj
LOAD CMakeFiles\myblink.dir\C_\pico\pico-sdk\src\rp2_common\hardware_claim\claim.c.obj
LOAD CMakeFiles\myblink.dir\C_\pico\pico-sdk\src\rp2_common\pico_platform\platform.c.obj
LOAD CMakeFiles\myblink.dir\C_\pico\pico-sdk\src\rp2_common\hardware_sync\sync.c.obj
LOAD CMakeFiles\myblink.dir\C_\pico\pico-sdk\src\rp2_common\hardware_uart\uart.c.obj
LOAD CMakeFiles\myblink.dir\C_\pico\pico-sdk\src\rp2_common\hardware_divider\divider.S.obj
LOAD CMakeFiles\myblink.dir\C_\pico\pico-sdk\src\common\pico_time\time.c.obj
LOAD CMakeFiles\myblink.dir\C_\pico\pico-sdk\src\common\pico_time\timeout_helper.c.obj
LOAD CMakeFiles\myblink.dir\C_\pico\pico-sdk\src\rp2_common\hardware_timer\timer.c.obj
LOAD CMakeFiles\myblink.dir\C_\pico\pico-sdk\src\common\pico_sync\sem.c.obj
LOAD CMakeFiles\myblink.dir\C_\pico\pico-sdk\src\common\pico_sync\lock_core.c.obj
LOAD CMakeFiles\myblink.dir\C_\pico\pico-sdk\src\common\pico_sync\mutex.c.obj
LOAD CMakeFiles\myblink.dir\C_\pico\pico-sdk\src\common\pico_sync\critical_section.c.obj
LOAD CMakeFiles\myblink.dir\C_\pico\pico-sdk\src\common\pico_util\datetime.c.obj
LOAD CMakeFiles\myblink.dir\C_\pico\pico-sdk\src\common\pico_util\pheap.c.obj
LOAD CMakeFiles\myblink.dir\C_\pico\pico-sdk\src\common\pico_util\queue.c.obj
LOAD CMakeFiles\myblink.dir\C_\pico\pico-sdk\src\rp2_common\pico_runtime\runtime.c.obj
LOAD CMakeFiles\myblink.dir\C_\pico\pico-sdk\src\rp2_common\hardware_clocks\clocks.c.obj
LOAD CMakeFiles\myblink.dir\C_\pico\pico-sdk\src\rp2_common\hardware_irq\irq.c.obj
LOAD CMakeFiles\myblink.dir\C_\pico\pico-sdk\src\rp2_common\hardware_irq\irq_handler_chain.S.obj
LOAD CMakeFiles\myblink.dir\C_\pico\pico-sdk\src\rp2_common\hardware_pll\pll.c.obj
LOAD CMakeFiles\myblink.dir\C_\pico\pico-sdk\src\rp2_common\hardware_vreg\vreg.c.obj
LOAD CMakeFiles\myblink.dir\C_\pico\pico-sdk\src\rp2_common\hardware_watchdog\watchdog.c.obj
LOAD CMakeFiles\myblink.dir\C_\pico\pico-sdk\src\rp2_common\hardware_xosc\xosc.c.obj
LOAD CMakeFiles\myblink.dir\C_\pico\pico-sdk\src\rp2_common\pico_printf\printf.c.obj
LOAD CMakeFiles\myblink.dir\C_\pico\pico-sdk\src\rp2_common\pico_bit_ops\bit_ops_aeabi.S.obj
LOAD CMakeFiles\myblink.dir\C_\pico\pico-sdk\src\rp2_common\pico_bootrom\bootrom.c.obj
LOAD CMakeFiles\myblink.dir\C_\pico\pico-sdk\src\rp2_common\pico_divider\divider.S.obj
LOAD CMakeFiles\myblink.dir\C_\pico\pico-sdk\src\rp2_common\pico_double\double_aeabi.S.obj
LOAD CMakeFiles\myblink.dir\C_\pico\pico-sdk\src\rp2_common\pico_double\double_init_rom.c.obj
LOAD CMakeFiles\myblink.dir\C_\pico\pico-sdk\src\rp2_common\pico_double\double_math.c.obj
LOAD CMakeFiles\myblink.dir\C_\pico\pico-sdk\src\rp2_common\pico_double\double_v1_rom_shim.S.obj
LOAD CMakeFiles\myblink.dir\C_\pico\pico-sdk\src\rp2_common\pico_int64_ops\pico_int64_ops_aeabi.S.obj
LOAD CMakeFiles\myblink.dir\C_\pico\pico-sdk\src\rp2_common\pico_float\float_aeabi.S.obj
LOAD CMakeFiles\myblink.dir\C_\pico\pico-sdk\src\rp2_common\pico_float\float_init_rom.c.obj
LOAD CMakeFiles\myblink.dir\C_\pico\pico-sdk\src\rp2_common\pico_float\float_math.c.obj
LOAD CMakeFiles\myblink.dir\C_\pico\pico-sdk\src\rp2_common\pico_float\float_v1_rom_shim.S.obj
LOAD CMakeFiles\myblink.dir\C_\pico\pico-sdk\src\rp2_common\pico_malloc\pico_malloc.c.obj
LOAD CMakeFiles\myblink.dir\C_\pico\pico-sdk\src\rp2_common\pico_mem_ops\mem_ops_aeabi.S.obj
LOAD CMakeFiles\myblink.dir\C_\pico\pico-sdk\src\rp2_common\pico_standard_link\crt0.S.obj
LOAD CMakeFiles\myblink.dir\C_\pico\pico-sdk\src\rp2_common\pico_standard_link\new_delete.cpp.obj
LOAD CMakeFiles\myblink.dir\C_\pico\pico-sdk\src\rp2_common\pico_standard_link\binary_info.c.obj
LOAD CMakeFiles\myblink.dir\C_\pico\pico-sdk\src\rp2_common\pico_stdio\stdio.c.obj
LOAD CMakeFiles\myblink.dir\C_\pico\pico-sdk\src\rp2_common\pico_stdio_uart\stdio_uart.c.obj
LOAD CMakeFiles\myblink.dir\C_\pico\pico-sdk\src\rp2_common\hardware_pio\pio.c.obj
LOAD C:\Users\Ben\AppData\Local\Temp\cc8Y4Njd.o
LOAD c:/progra~2/gnuarm~1/102021~1.10/bin/../lib/gcc/arm-none-eabi/10.3.1/../../../../arm-none-eabi/lib/thumb/v6-m/nofp\libstdc++.a
LOAD c:/progra~2/gnuarm~1/102021~1.10/bin/../lib/gcc/arm-none-eabi/10.3.1/../../../../arm-none-eabi/lib/thumb/v6-m/nofp\libm.a
START GROUP
LOAD c:/progra~2/gnuarm~1/102021~1.10/bin/../lib/gcc/arm-none-eabi/10.3.1/thumb/v6-m/nofp\libgcc.a
LOAD c:/progra~2/gnuarm~1/102021~1.10/bin/../lib/gcc/arm-none-eabi/10.3.1/../../../../arm-none-eabi/lib/thumb/v6-m/nofp\libg.a
LOAD c:/progra~2/gnuarm~1/102021~1.10/bin/../lib/gcc/arm-none-eabi/10.3.1/../../../../arm-none-eabi/lib/thumb/v6-m/nofp\libc.a
END GROUP
START GROUP
LOAD c:/progra~2/gnuarm~1/102021~1.10/bin/../lib/gcc/arm-none-eabi/10.3.1/thumb/v6-m/nofp\libgcc.a
LOAD c:/progra~2/gnuarm~1/102021~1.10/bin/../lib/gcc/arm-none-eabi/10.3.1/../../../../arm-none-eabi/lib/thumb/v6-m/nofp\libc.a
LOAD c:/progra~2/gnuarm~1/102021~1.10/bin/../lib/gcc/arm-none-eabi/10.3.1/../../../../arm-none-eabi/lib/thumb/v6-m/nofp\libnosys.a
END GROUP
LOAD c:/progra~2/gnuarm~1/102021~1.10/bin/../lib/gcc/arm-none-eabi/10.3.1/thumb/v6-m/nofp/crtend.o
LOAD c:/progra~2/gnuarm~1/102021~1.10/bin/../lib/gcc/arm-none-eabi/10.3.1/thumb/v6-m/nofp/crtn.o
OUTPUT(myblink.elf elf32-littlearm)
LOAD linker stubs

.ARM.attributes
                0x00000000       0x28
 .ARM.attributes
                0x00000000       0x1e c:/progra~2/gnuarm~1/102021~1.10/bin/../lib/gcc/arm-none-eabi/10.3.1/thumb/v6-m/nofp/crti.o
 .ARM.attributes
                0x0000001e       0x2c c:/progra~2/gnuarm~1/102021~1.10/bin/../lib/gcc/arm-none-eabi/10.3.1/thumb/v6-m/nofp/crtbegin.o
 .ARM.attributes
                0x0000004a       0x2c CMakeFiles\myblink.dir\main.c.obj
 .ARM.attributes
                0x00000076       0x2c CMakeFiles\myblink.dir\C_\pico\pico-sdk\src\rp2_common\pico_stdlib\stdlib.c.obj
 .ARM.attributes
                0x000000a2       0x2c CMakeFiles\myblink.dir\C_\pico\pico-sdk\src\rp2_common\hardware_gpio\gpio.c.obj
 .ARM.attributes
                0x000000ce       0x2c CMakeFiles\myblink.dir\C_\pico\pico-sdk\src\rp2_common\hardware_claim\claim.c.obj
 .ARM.attributes
                0x000000fa       0x2c CMakeFiles\myblink.dir\C_\pico\pico-sdk\src\rp2_common\pico_platform\platform.c.obj
 .ARM.attributes
                0x00000126       0x2c CMakeFiles\myblink.dir\C_\pico\pico-sdk\src\rp2_common\hardware_sync\sync.c.obj
 .ARM.attributes
                0x00000152       0x2c CMakeFiles\myblink.dir\C_\pico\pico-sdk\src\common\pico_time\time.c.obj
 .ARM.attributes
                0x0000017e       0x2c CMakeFiles\myblink.dir\C_\pico\pico-sdk\src\rp2_common\hardware_timer\timer.c.obj
 .ARM.attributes
                0x000001aa       0x2c CMakeFiles\myblink.dir\C_\pico\pico-sdk\src\common\pico_sync\lock_core.c.obj
 .ARM.attributes
                0x000001d6       0x2c CMakeFiles\myblink.dir\C_\pico\pico-sdk\src\common\pico_sync\mutex.c.obj
 .ARM.attributes
                0x00000202       0x2c CMakeFiles\myblink.dir\C_\pico\pico-sdk\src\common\pico_util\pheap.c.obj
 .ARM.attributes
                0x0000022e       0x2c CMakeFiles\myblink.dir\C_\pico\pico-sdk\src\rp2_common\pico_runtime\runtime.c.obj
 .ARM.attributes
                0x0000025a       0x2c CMakeFiles\myblink.dir\C_\pico\pico-sdk\src\rp2_common\hardware_clocks\clocks.c.obj
 .ARM.attributes
                0x00000286       0x2c CMakeFiles\myblink.dir\C_\pico\pico-sdk\src\rp2_common\hardware_irq\irq.c.obj
 .ARM.attributes
                0x000002b2       0x22 CMakeFiles\myblink.dir\C_\pico\pico-sdk\src\rp2_common\hardware_irq\irq_handler_chain.S.obj
 .ARM.attributes
                0x000002d4       0x2c CMakeFiles\myblink.dir\C_\pico\pico-sdk\src\rp2_common\hardware_pll\pll.c.obj
 .ARM.attributes
                0x00000300       0x2c CMakeFiles\myblink.dir\C_\pico\pico-sdk\src\rp2_common\hardware_watchdog\watchdog.c.obj
 .ARM.attributes
                0x0000032c       0x2c CMakeFiles\myblink.dir\C_\pico\pico-sdk\src\rp2_common\hardware_xosc\xosc.c.obj
 .ARM.attributes
                0x00000358       0x2c CMakeFiles\myblink.dir\C_\pico\pico-sdk\src\rp2_common\pico_printf\printf.c.obj
 .ARM.attributes
                0x00000384       0x22 CMakeFiles\myblink.dir\C_\pico\pico-sdk\src\rp2_common\pico_bit_ops\bit_ops_aeabi.S.obj
 .ARM.attributes
                0x000003a6       0x2c CMakeFiles\myblink.dir\C_\pico\pico-sdk\src\rp2_common\pico_bootrom\bootrom.c.obj
 .ARM.attributes
                0x000003d2       0x22 CMakeFiles\myblink.dir\C_\pico\pico-sdk\src\rp2_common\pico_divider\divider.S.obj
 .ARM.attributes
                0x000003f4       0x22 CMakeFiles\myblink.dir\C_\pico\pico-sdk\src\rp2_common\pico_double\double_aeabi.S.obj
 .ARM.attributes
                0x00000416       0x2c CMakeFiles\myblink.dir\C_\pico\pico-sdk\src\rp2_common\pico_double\double_init_rom.c.obj
 .ARM.attributes
                0x00000442       0x22 CMakeFiles\myblink.dir\C_\pico\pico-sdk\src\rp2_common\pico_double\double_v1_rom_shim.S.obj
 .ARM.attributes
                0x00000464       0x22 CMakeFiles\myblink.dir\C_\pico\pico-sdk\src\rp2_common\pico_int64_ops\pico_int64_ops_aeabi.S.obj
 .ARM.attributes
                0x00000486       0x22 CMakeFiles\myblink.dir\C_\pico\pico-sdk\src\rp2_common\pico_float\float_aeabi.S.obj
 .ARM.attributes
                0x000004a8       0x2c CMakeFiles\myblink.dir\C_\pico\pico-sdk\src\rp2_common\pico_float\float_init_rom.c.obj
 .ARM.attributes
                0x000004d4       0x22 CMakeFiles\myblink.dir\C_\pico\pico-sdk\src\rp2_common\pico_float\float_v1_rom_shim.S.obj
 .ARM.attributes
                0x000004f6       0x22 CMakeFiles\myblink.dir\C_\pico\pico-sdk\src\rp2_common\pico_mem_ops\mem_ops_aeabi.S.obj
 .ARM.attributes
                0x00000518       0x22 CMakeFiles\myblink.dir\C_\pico\pico-sdk\src\rp2_common\pico_standard_link\crt0.S.obj
 .ARM.attributes
                0x0000053a       0x2c CMakeFiles\myblink.dir\C_\pico\pico-sdk\src\rp2_common\pico_standard_link\binary_info.c.obj
 .ARM.attributes
                0x00000566       0x2c CMakeFiles\myblink.dir\C_\pico\pico-sdk\src\rp2_common\pico_stdio\stdio.c.obj
 .ARM.attributes
                0x00000592       0x2c CMakeFiles\myblink.dir\C_\pico\pico-sdk\src\rp2_common\hardware_pio\pio.c.obj
 .ARM.attributes
                0x000005be       0x22 C:\Users\Ben\AppData\Local\Temp\cc8Y4Njd.o
 .ARM.attributes
                0x000005e0       0x1e c:/progra~2/gnuarm~1/102021~1.10/bin/../lib/gcc/arm-none-eabi/10.3.1/thumb/v6-m/nofp\libgcc.a(_dvmd_tls.o)
 .ARM.attributes
                0x000005fe       0x2c c:/progra~2/gnuarm~1/102021~1.10/bin/../lib/gcc/arm-none-eabi/10.3.1/../../../../arm-none-eabi/lib/thumb/v6-m/nofp\libg.a(lib_a-strlen-stub.o)

.comment        0x00000000       0x49
 .comment       0x00000000       0x49 CMakeFiles\myblink.dir\main.c.obj
                                 0x4a (size before relaxing)
 .comment       0x00000049       0x4a CMakeFiles\myblink.dir\C_\pico\pico-sdk\src\rp2_common\pico_stdlib\stdlib.c.obj
 .comment       0x00000049       0x4a CMakeFiles\myblink.dir\C_\pico\pico-sdk\src\rp2_common\hardware_gpio\gpio.c.obj
 .comment       0x00000049       0x4a CMakeFiles\myblink.dir\C_\pico\pico-sdk\src\rp2_common\hardware_claim\claim.c.obj
 .comment       0x00000049       0x4a CMakeFiles\myblink.dir\C_\pico\pico-sdk\src\rp2_common\pico_platform\platform.c.obj
 .comment       0x00000049       0x4a CMakeFiles\myblink.dir\C_\pico\pico-sdk\src\rp2_common\hardware_sync\sync.c.obj
 .comment       0x00000049       0x4a CMakeFiles\myblink.dir\C_\pico\pico-sdk\src\common\pico_time\time.c.obj
 .comment       0x00000049       0x4a CMakeFiles\myblink.dir\C_\pico\pico-sdk\src\rp2_common\hardware_timer\timer.c.obj
 .comment       0x00000049       0x4a CMakeFiles\myblink.dir\C_\pico\pico-sdk\src\common\pico_sync\lock_core.c.obj
 .comment       0x00000049       0x4a CMakeFiles\myblink.dir\C_\pico\pico-sdk\src\common\pico_sync\mutex.c.obj
 .comment       0x00000049       0x4a CMakeFiles\myblink.dir\C_\pico\pico-sdk\src\common\pico_util\pheap.c.obj
 .comment       0x00000049       0x4a CMakeFiles\myblink.dir\C_\pico\pico-sdk\src\rp2_common\pico_runtime\runtime.c.obj
 .comment       0x00000049       0x4a CMakeFiles\myblink.dir\C_\pico\pico-sdk\src\rp2_common\hardware_clocks\clocks.c.obj
 .comment       0x00000049       0x4a CMakeFiles\myblink.dir\C_\pico\pico-sdk\src\rp2_common\hardware_irq\irq.c.obj
 .comment       0x00000049       0x4a CMakeFiles\myblink.dir\C_\pico\pico-sdk\src\rp2_common\hardware_pll\pll.c.obj
 .comment       0x00000049       0x4a CMakeFiles\myblink.dir\C_\pico\pico-sdk\src\rp2_common\hardware_watchdog\watchdog.c.obj
 .comment       0x00000049       0x4a CMakeFiles\myblink.dir\C_\pico\pico-sdk\src\rp2_common\hardware_xosc\xosc.c.obj
 .comment       0x00000049       0x4a CMakeFiles\myblink.dir\C_\pico\pico-sdk\src\rp2_common\pico_printf\printf.c.obj
 .comment       0x00000049       0x4a CMakeFiles\myblink.dir\C_\pico\pico-sdk\src\rp2_common\pico_bootrom\bootrom.c.obj
 .comment       0x00000049       0x4a CMakeFiles\myblink.dir\C_\pico\pico-sdk\src\rp2_common\pico_double\double_init_rom.c.obj
 .comment       0x00000049       0x4a CMakeFiles\myblink.dir\C_\pico\pico-sdk\src\rp2_common\pico_float\float_init_rom.c.obj
 .comment       0x00000049       0x4a CMakeFiles\myblink.dir\C_\pico\pico-sdk\src\rp2_common\pico_standard_link\binary_info.c.obj
 .comment       0x00000049       0x4a CMakeFiles\myblink.dir\C_\pico\pico-sdk\src\rp2_common\pico_stdio\stdio.c.obj
 .comment       0x00000049       0x4a CMakeFiles\myblink.dir\C_\pico\pico-sdk\src\rp2_common\hardware_pio\pio.c.obj

.debug_info     0x00000000    0x15069
 .debug_info    0x00000000      0xf28 CMakeFiles\myblink.dir\main.c.obj
 .debug_info    0x00000f28      0x4e2 CMakeFiles\myblink.dir\C_\pico\pico-sdk\src\rp2_common\pico_stdlib\stdlib.c.obj
 .debug_info    0x0000140a     0x1491 CMakeFiles\myblink.dir\C_\pico\pico-sdk\src\rp2_common\hardware_gpio\gpio.c.obj
 .debug_info    0x0000289b      0x6bb CMakeFiles\myblink.dir\C_\pico\pico-sdk\src\rp2_common\hardware_claim\claim.c.obj
 .debug_info    0x00002f56      0x1e3 CMakeFiles\myblink.dir\C_\pico\pico-sdk\src\rp2_common\pico_platform\platform.c.obj
 .debug_info    0x00003139      0x58e CMakeFiles\myblink.dir\C_\pico\pico-sdk\src\rp2_common\hardware_sync\sync.c.obj
 .debug_info    0x000036c7     0x3b3b CMakeFiles\myblink.dir\C_\pico\pico-sdk\src\common\pico_time\time.c.obj
 .debug_info    0x00007202     0x1134 CMakeFiles\myblink.dir\C_\pico\pico-sdk\src\rp2_common\hardware_timer\timer.c.obj
 .debug_info    0x00008336      0x1a4 CMakeFiles\myblink.dir\C_\pico\pico-sdk\src\common\pico_sync\lock_core.c.obj
 .debug_info    0x000084da     0x2022 CMakeFiles\myblink.dir\C_\pico\pico-sdk\src\common\pico_sync\mutex.c.obj
 .debug_info    0x0000a4fc     0x120c CMakeFiles\myblink.dir\C_\pico\pico-sdk\src\common\pico_util\pheap.c.obj
 .debug_info    0x0000b708      0xa87 CMakeFiles\myblink.dir\C_\pico\pico-sdk\src\rp2_common\pico_runtime\runtime.c.obj
 .debug_info    0x0000c18f      0xf6c CMakeFiles\myblink.dir\C_\pico\pico-sdk\src\rp2_common\hardware_clocks\clocks.c.obj
 .debug_info    0x0000d0fb     0x1968 CMakeFiles\myblink.dir\C_\pico\pico-sdk\src\rp2_common\hardware_irq\irq.c.obj
 .debug_info    0x0000ea63      0x51b CMakeFiles\myblink.dir\C_\pico\pico-sdk\src\rp2_common\hardware_pll\pll.c.obj
 .debug_info    0x0000ef7e      0x4ee CMakeFiles\myblink.dir\C_\pico\pico-sdk\src\rp2_common\hardware_watchdog\watchdog.c.obj
 .debug_info    0x0000f46c      0x1d8 CMakeFiles\myblink.dir\C_\pico\pico-sdk\src\rp2_common\hardware_xosc\xosc.c.obj
 .debug_info    0x0000f644     0x1a5f CMakeFiles\myblink.dir\C_\pico\pico-sdk\src\rp2_common\pico_printf\printf.c.obj
 .debug_info    0x000110a3       0x22 CMakeFiles\myblink.dir\C_\pico\pico-sdk\src\rp2_common\pico_bit_ops\bit_ops_aeabi.S.obj
 .debug_info    0x000110c5      0x27c CMakeFiles\myblink.dir\C_\pico\pico-sdk\src\rp2_common\pico_bootrom\bootrom.c.obj
 .debug_info    0x00011341       0x22 CMakeFiles\myblink.dir\C_\pico\pico-sdk\src\rp2_common\pico_divider\divider.S.obj
 .debug_info    0x00011363       0x22 CMakeFiles\myblink.dir\C_\pico\pico-sdk\src\rp2_common\pico_double\double_aeabi.S.obj
 .debug_info    0x00011385      0x2d1 CMakeFiles\myblink.dir\C_\pico\pico-sdk\src\rp2_common\pico_double\double_init_rom.c.obj
 .debug_info    0x00011656       0x22 CMakeFiles\myblink.dir\C_\pico\pico-sdk\src\rp2_common\pico_double\double_v1_rom_shim.S.obj
 .debug_info    0x00011678       0x26 CMakeFiles\myblink.dir\C_\pico\pico-sdk\src\rp2_common\pico_int64_ops\pico_int64_ops_aeabi.S.obj
 .debug_info    0x0001169e       0x22 CMakeFiles\myblink.dir\C_\pico\pico-sdk\src\rp2_common\pico_float\float_aeabi.S.obj
 .debug_info    0x000116c0      0x2eb CMakeFiles\myblink.dir\C_\pico\pico-sdk\src\rp2_common\pico_float\float_init_rom.c.obj
 .debug_info    0x000119ab       0x22 CMakeFiles\myblink.dir\C_\pico\pico-sdk\src\rp2_common\pico_float\float_v1_rom_shim.S.obj
 .debug_info    0x000119cd       0x22 CMakeFiles\myblink.dir\C_\pico\pico-sdk\src\rp2_common\pico_mem_ops\mem_ops_aeabi.S.obj
 .debug_info    0x000119ef       0x22 CMakeFiles\myblink.dir\C_\pico\pico-sdk\src\rp2_common\pico_standard_link\crt0.S.obj
 .debug_info    0x00011a11      0x2f6 CMakeFiles\myblink.dir\C_\pico\pico-sdk\src\rp2_common\pico_standard_link\binary_info.c.obj
 .debug_info    0x00011d07     0x12ed CMakeFiles\myblink.dir\C_\pico\pico-sdk\src\rp2_common\pico_stdio\stdio.c.obj
 .debug_info    0x00012ff4     0x2075 CMakeFiles\myblink.dir\C_\pico\pico-sdk\src\rp2_common\hardware_pio\pio.c.obj

.debug_abbrev   0x00000000     0x411e
 .debug_abbrev  0x00000000      0x3fe CMakeFiles\myblink.dir\main.c.obj
 .debug_abbrev  0x000003fe      0x194 CMakeFiles\myblink.dir\C_\pico\pico-sdk\src\rp2_common\pico_stdlib\stdlib.c.obj
 .debug_abbrev  0x00000592      0x2c4 CMakeFiles\myblink.dir\C_\pico\pico-sdk\src\rp2_common\hardware_gpio\gpio.c.obj
 .debug_abbrev  0x00000856      0x2e9 CMakeFiles\myblink.dir\C_\pico\pico-sdk\src\rp2_common\hardware_claim\claim.c.obj
 .debug_abbrev  0x00000b3f       0xeb CMakeFiles\myblink.dir\C_\pico\pico-sdk\src\rp2_common\pico_platform\platform.c.obj
 .debug_abbrev  0x00000c2a      0x21b CMakeFiles\myblink.dir\C_\pico\pico-sdk\src\rp2_common\hardware_sync\sync.c.obj
 .debug_abbrev  0x00000e45      0x54d CMakeFiles\myblink.dir\C_\pico\pico-sdk\src\common\pico_time\time.c.obj
 .debug_abbrev  0x00001392      0x3a2 CMakeFiles\myblink.dir\C_\pico\pico-sdk\src\rp2_common\hardware_timer\timer.c.obj
 .debug_abbrev  0x00001734      0x116 CMakeFiles\myblink.dir\C_\pico\pico-sdk\src\common\pico_sync\lock_core.c.obj
 .debug_abbrev  0x0000184a      0x386 CMakeFiles\myblink.dir\C_\pico\pico-sdk\src\common\pico_sync\mutex.c.obj
 .debug_abbrev  0x00001bd0      0x297 CMakeFiles\myblink.dir\C_\pico\pico-sdk\src\common\pico_util\pheap.c.obj
 .debug_abbrev  0x00001e67      0x3aa CMakeFiles\myblink.dir\C_\pico\pico-sdk\src\rp2_common\pico_runtime\runtime.c.obj
 .debug_abbrev  0x00002211      0x3a5 CMakeFiles\myblink.dir\C_\pico\pico-sdk\src\rp2_common\hardware_clocks\clocks.c.obj
 .debug_abbrev  0x000025b6      0x4cd CMakeFiles\myblink.dir\C_\pico\pico-sdk\src\rp2_common\hardware_irq\irq.c.obj
 .debug_abbrev  0x00002a83      0x1ea CMakeFiles\myblink.dir\C_\pico\pico-sdk\src\rp2_common\hardware_pll\pll.c.obj
 .debug_abbrev  0x00002c6d      0x1a8 CMakeFiles\myblink.dir\C_\pico\pico-sdk\src\rp2_common\hardware_watchdog\watchdog.c.obj
 .debug_abbrev  0x00002e15      0x109 CMakeFiles\myblink.dir\C_\pico\pico-sdk\src\rp2_common\hardware_xosc\xosc.c.obj
 .debug_abbrev  0x00002f1e      0x384 CMakeFiles\myblink.dir\C_\pico\pico-sdk\src\rp2_common\pico_printf\printf.c.obj
 .debug_abbrev  0x000032a2       0x12 CMakeFiles\myblink.dir\C_\pico\pico-sdk\src\rp2_common\pico_bit_ops\bit_ops_aeabi.S.obj
 .debug_abbrev  0x000032b4      0x13b CMakeFiles\myblink.dir\C_\pico\pico-sdk\src\rp2_common\pico_bootrom\bootrom.c.obj
 .debug_abbrev  0x000033ef       0x12 CMakeFiles\myblink.dir\C_\pico\pico-sdk\src\rp2_common\pico_divider\divider.S.obj
 .debug_abbrev  0x00003401       0x12 CMakeFiles\myblink.dir\C_\pico\pico-sdk\src\rp2_common\pico_double\double_aeabi.S.obj
 .debug_abbrev  0x00003413      0x179 CMakeFiles\myblink.dir\C_\pico\pico-sdk\src\rp2_common\pico_double\double_init_rom.c.obj
 .debug_abbrev  0x0000358c       0x12 CMakeFiles\myblink.dir\C_\pico\pico-sdk\src\rp2_common\pico_double\double_v1_rom_shim.S.obj
 .debug_abbrev  0x0000359e       0x14 CMakeFiles\myblink.dir\C_\pico\pico-sdk\src\rp2_common\pico_int64_ops\pico_int64_ops_aeabi.S.obj
 .debug_abbrev  0x000035b2       0x12 CMakeFiles\myblink.dir\C_\pico\pico-sdk\src\rp2_common\pico_float\float_aeabi.S.obj
 .debug_abbrev  0x000035c4      0x18c CMakeFiles\myblink.dir\C_\pico\pico-sdk\src\rp2_common\pico_float\float_init_rom.c.obj
 .debug_abbrev  0x00003750       0x12 CMakeFiles\myblink.dir\C_\pico\pico-sdk\src\rp2_common\pico_float\float_v1_rom_shim.S.obj
 .debug_abbrev  0x00003762       0x12 CMakeFiles\myblink.dir\C_\pico\pico-sdk\src\rp2_common\pico_mem_ops\mem_ops_aeabi.S.obj
 .debug_abbrev  0x00003774       0x12 CMakeFiles\myblink.dir\C_\pico\pico-sdk\src\rp2_common\pico_standard_link\crt0.S.obj
 .debug_abbrev  0x00003786       0xad CMakeFiles\myblink.dir\C_\pico\pico-sdk\src\rp2_common\pico_standard_link\binary_info.c.obj
 .debug_abbrev  0x00003833      0x4a7 CMakeFiles\myblink.dir\C_\pico\pico-sdk\src\rp2_common\pico_stdio\stdio.c.obj
 .debug_abbrev  0x00003cda      0x444 CMakeFiles\myblink.dir\C_\pico\pico-sdk\src\rp2_common\hardware_pio\pio.c.obj

.debug_loc      0x00000000     0xec6a
 .debug_loc     0x00000000      0x526 CMakeFiles\myblink.dir\main.c.obj
 .debug_loc     0x00000526      0x2d7 CMakeFiles\myblink.dir\C_\pico\pico-sdk\src\rp2_common\pico_stdlib\stdlib.c.obj
 .debug_loc     0x000007fd      0xede CMakeFiles\myblink.dir\C_\pico\pico-sdk\src\rp2_common\hardware_gpio\gpio.c.obj
 .debug_loc     0x000016db      0x45f CMakeFiles\myblink.dir\C_\pico\pico-sdk\src\rp2_common\hardware_claim\claim.c.obj
 .debug_loc     0x00001b3a       0xe9 CMakeFiles\myblink.dir\C_\pico\pico-sdk\src\rp2_common\pico_platform\platform.c.obj
 .debug_loc     0x00001c23      0x233 CMakeFiles\myblink.dir\C_\pico\pico-sdk\src\rp2_common\hardware_sync\sync.c.obj
 .debug_loc     0x00001e56     0x2e2a CMakeFiles\myblink.dir\C_\pico\pico-sdk\src\common\pico_time\time.c.obj
 .debug_loc     0x00004c80      0x952 CMakeFiles\myblink.dir\C_\pico\pico-sdk\src\rp2_common\hardware_timer\timer.c.obj
 .debug_loc     0x000055d2       0x60 CMakeFiles\myblink.dir\C_\pico\pico-sdk\src\common\pico_sync\lock_core.c.obj
 .debug_loc     0x00005632     0x1469 CMakeFiles\myblink.dir\C_\pico\pico-sdk\src\common\pico_sync\mutex.c.obj
 .debug_loc     0x00006a9b     0x1439 CMakeFiles\myblink.dir\C_\pico\pico-sdk\src\common\pico_util\pheap.c.obj
 .debug_loc     0x00007ed4      0x3f0 CMakeFiles\myblink.dir\C_\pico\pico-sdk\src\rp2_common\pico_runtime\runtime.c.obj
 .debug_loc     0x000082c4      0x7eb CMakeFiles\myblink.dir\C_\pico\pico-sdk\src\rp2_common\hardware_clocks\clocks.c.obj
 .debug_loc     0x00008aaf     0x1274 CMakeFiles\myblink.dir\C_\pico\pico-sdk\src\rp2_common\hardware_irq\irq.c.obj
 .debug_loc     0x00009d23      0x300 CMakeFiles\myblink.dir\C_\pico\pico-sdk\src\rp2_common\hardware_pll\pll.c.obj
 .debug_loc     0x0000a023      0x2ec CMakeFiles\myblink.dir\C_\pico\pico-sdk\src\rp2_common\hardware_watchdog\watchdog.c.obj
 .debug_loc     0x0000a30f       0x71 CMakeFiles\myblink.dir\C_\pico\pico-sdk\src\rp2_common\hardware_xosc\xosc.c.obj
 .debug_loc     0x0000a380     0x2095 CMakeFiles\myblink.dir\C_\pico\pico-sdk\src\rp2_common\pico_printf\printf.c.obj
 .debug_loc     0x0000c415      0x1a1 CMakeFiles\myblink.dir\C_\pico\pico-sdk\src\rp2_common\pico_bootrom\bootrom.c.obj
 .debug_loc     0x0000c5b6       0x59 CMakeFiles\myblink.dir\C_\pico\pico-sdk\src\rp2_common\pico_double\double_init_rom.c.obj
 .debug_loc     0x0000c60f       0x73 CMakeFiles\myblink.dir\C_\pico\pico-sdk\src\rp2_common\pico_float\float_init_rom.c.obj
 .debug_loc     0x0000c682      0xbad CMakeFiles\myblink.dir\C_\pico\pico-sdk\src\rp2_common\pico_stdio\stdio.c.obj
 .debug_loc     0x0000d22f     0x1a3b CMakeFiles\myblink.dir\C_\pico\pico-sdk\src\rp2_common\hardware_pio\pio.c.obj

.debug_aranges  0x00000000      0xdd0
 .debug_aranges
                0x00000000       0x28 CMakeFiles\myblink.dir\main.c.obj
 .debug_aranges
                0x00000028       0x38 CMakeFiles\myblink.dir\C_\pico\pico-sdk\src\rp2_common\pico_stdlib\stdlib.c.obj
 .debug_aranges
                0x00000060       0xd8 CMakeFiles\myblink.dir\C_\pico\pico-sdk\src\rp2_common\hardware_gpio\gpio.c.obj
 .debug_aranges
                0x00000138       0x48 CMakeFiles\myblink.dir\C_\pico\pico-sdk\src\rp2_common\hardware_claim\claim.c.obj
 .debug_aranges
                0x00000180       0x28 CMakeFiles\myblink.dir\C_\pico\pico-sdk\src\rp2_common\pico_platform\platform.c.obj
 .debug_aranges
                0x000001a8       0x58 CMakeFiles\myblink.dir\C_\pico\pico-sdk\src\rp2_common\hardware_sync\sync.c.obj
 .debug_aranges
                0x00000200       0xd0 CMakeFiles\myblink.dir\C_\pico\pico-sdk\src\common\pico_time\time.c.obj
 .debug_aranges
                0x000002d0       0x78 CMakeFiles\myblink.dir\C_\pico\pico-sdk\src\rp2_common\hardware_timer\timer.c.obj
 .debug_aranges
                0x00000348       0x20 CMakeFiles\myblink.dir\C_\pico\pico-sdk\src\common\pico_sync\lock_core.c.obj
 .debug_aranges
                0x00000368       0x88 CMakeFiles\myblink.dir\C_\pico\pico-sdk\src\common\pico_sync\mutex.c.obj
 .debug_aranges
                0x000003f0       0x78 CMakeFiles\myblink.dir\C_\pico\pico-sdk\src\common\pico_util\pheap.c.obj
 .debug_aranges
                0x00000468       0x60 CMakeFiles\myblink.dir\C_\pico\pico-sdk\src\rp2_common\pico_runtime\runtime.c.obj
 .debug_aranges
                0x000004c8       0x70 CMakeFiles\myblink.dir\C_\pico\pico-sdk\src\rp2_common\hardware_clocks\clocks.c.obj
 .debug_aranges
                0x00000538       0x98 CMakeFiles\myblink.dir\C_\pico\pico-sdk\src\rp2_common\hardware_irq\irq.c.obj
 .debug_aranges
                0x000005d0       0x28 CMakeFiles\myblink.dir\C_\pico\pico-sdk\src\rp2_common\hardware_pll\pll.c.obj
 .debug_aranges
                0x000005f8       0x58 CMakeFiles\myblink.dir\C_\pico\pico-sdk\src\rp2_common\hardware_watchdog\watchdog.c.obj
 .debug_aranges
                0x00000650       0x30 CMakeFiles\myblink.dir\C_\pico\pico-sdk\src\rp2_common\hardware_xosc\xosc.c.obj
 .debug_aranges
                0x00000680       0x90 CMakeFiles\myblink.dir\C_\pico\pico-sdk\src\rp2_common\pico_printf\printf.c.obj
 .debug_aranges
                0x00000710       0x68 CMakeFiles\myblink.dir\C_\pico\pico-sdk\src\rp2_common\pico_bit_ops\bit_ops_aeabi.S.obj
 .debug_aranges
                0x00000778       0x30 CMakeFiles\myblink.dir\C_\pico\pico-sdk\src\rp2_common\pico_bootrom\bootrom.c.obj
 .debug_aranges
                0x000007a8       0x40 CMakeFiles\myblink.dir\C_\pico\pico-sdk\src\rp2_common\pico_divider\divider.S.obj
 .debug_aranges
                0x000007e8      0x140 CMakeFiles\myblink.dir\C_\pico\pico-sdk\src\rp2_common\pico_double\double_aeabi.S.obj
 .debug_aranges
                0x00000928       0x20 CMakeFiles\myblink.dir\C_\pico\pico-sdk\src\rp2_common\pico_double\double_init_rom.c.obj
 .debug_aranges
                0x00000948       0xc8 CMakeFiles\myblink.dir\C_\pico\pico-sdk\src\rp2_common\pico_double\double_v1_rom_shim.S.obj
 .debug_aranges
                0x00000a10       0x20 CMakeFiles\myblink.dir\C_\pico\pico-sdk\src\rp2_common\pico_int64_ops\pico_int64_ops_aeabi.S.obj
 .debug_aranges
                0x00000a30      0x130 CMakeFiles\myblink.dir\C_\pico\pico-sdk\src\rp2_common\pico_float\float_aeabi.S.obj
 .debug_aranges
                0x00000b60       0x20 CMakeFiles\myblink.dir\C_\pico\pico-sdk\src\rp2_common\pico_float\float_init_rom.c.obj
 .debug_aranges
                0x00000b80       0x50 CMakeFiles\myblink.dir\C_\pico\pico-sdk\src\rp2_common\pico_float\float_v1_rom_shim.S.obj
 .debug_aranges
                0x00000bd0       0x38 CMakeFiles\myblink.dir\C_\pico\pico-sdk\src\rp2_common\pico_mem_ops\mem_ops_aeabi.S.obj
 .debug_aranges
                0x00000c08       0x28 CMakeFiles\myblink.dir\C_\pico\pico-sdk\src\rp2_common\pico_standard_link\crt0.S.obj
 .debug_aranges
                0x00000c30       0x18 CMakeFiles\myblink.dir\C_\pico\pico-sdk\src\rp2_common\pico_standard_link\binary_info.c.obj
 .debug_aranges
                0x00000c48       0xd0 CMakeFiles\myblink.dir\C_\pico\pico-sdk\src\rp2_common\pico_stdio\stdio.c.obj
 .debug_aranges
                0x00000d18       0xb8 CMakeFiles\myblink.dir\C_\pico\pico-sdk\src\rp2_common\hardware_pio\pio.c.obj

.debug_ranges   0x00000000     0x3170
 .debug_ranges  0x00000000       0x88 CMakeFiles\myblink.dir\main.c.obj
 .debug_ranges  0x00000088       0x98 CMakeFiles\myblink.dir\C_\pico\pico-sdk\src\rp2_common\pico_stdlib\stdlib.c.obj
 .debug_ranges  0x00000120       0xe0 CMakeFiles\myblink.dir\C_\pico\pico-sdk\src\rp2_common\hardware_gpio\gpio.c.obj
 .debug_ranges  0x00000200       0xd8 CMakeFiles\myblink.dir\C_\pico\pico-sdk\src\rp2_common\hardware_claim\claim.c.obj
 .debug_ranges  0x000002d8       0x18 CMakeFiles\myblink.dir\C_\pico\pico-sdk\src\rp2_common\pico_platform\platform.c.obj
 .debug_ranges  0x000002f0       0xf0 CMakeFiles\myblink.dir\C_\pico\pico-sdk\src\rp2_common\hardware_sync\sync.c.obj
 .debug_ranges  0x000003e0      0xba0 CMakeFiles\myblink.dir\C_\pico\pico-sdk\src\common\pico_time\time.c.obj
 .debug_ranges  0x00000f80      0x320 CMakeFiles\myblink.dir\C_\pico\pico-sdk\src\rp2_common\hardware_timer\timer.c.obj
 .debug_ranges  0x000012a0       0x10 CMakeFiles\myblink.dir\C_\pico\pico-sdk\src\common\pico_sync\lock_core.c.obj
 .debug_ranges  0x000012b0      0xab8 CMakeFiles\myblink.dir\C_\pico\pico-sdk\src\common\pico_sync\mutex.c.obj
 .debug_ranges  0x00001d68      0x248 CMakeFiles\myblink.dir\C_\pico\pico-sdk\src\common\pico_util\pheap.c.obj
 .debug_ranges  0x00001fb0       0x80 CMakeFiles\myblink.dir\C_\pico\pico-sdk\src\rp2_common\pico_runtime\runtime.c.obj
 .debug_ranges  0x00002030       0x60 CMakeFiles\myblink.dir\C_\pico\pico-sdk\src\rp2_common\hardware_clocks\clocks.c.obj
 .debug_ranges  0x00002090      0x3d0 CMakeFiles\myblink.dir\C_\pico\pico-sdk\src\rp2_common\hardware_irq\irq.c.obj
 .debug_ranges  0x00002460       0x30 CMakeFiles\myblink.dir\C_\pico\pico-sdk\src\rp2_common\hardware_pll\pll.c.obj
 .debug_ranges  0x00002490       0x48 CMakeFiles\myblink.dir\C_\pico\pico-sdk\src\rp2_common\hardware_watchdog\watchdog.c.obj
 .debug_ranges  0x000024d8       0x20 CMakeFiles\myblink.dir\C_\pico\pico-sdk\src\rp2_common\hardware_xosc\xosc.c.obj
 .debug_ranges  0x000024f8      0x108 CMakeFiles\myblink.dir\C_\pico\pico-sdk\src\rp2_common\pico_printf\printf.c.obj
 .debug_ranges  0x00002600       0x60 CMakeFiles\myblink.dir\C_\pico\pico-sdk\src\rp2_common\pico_bit_ops\bit_ops_aeabi.S.obj
 .debug_ranges  0x00002660       0x38 CMakeFiles\myblink.dir\C_\pico\pico-sdk\src\rp2_common\pico_bootrom\bootrom.c.obj
 .debug_ranges  0x00002698       0x38 CMakeFiles\myblink.dir\C_\pico\pico-sdk\src\rp2_common\pico_divider\divider.S.obj
 .debug_ranges  0x000026d0      0x138 CMakeFiles\myblink.dir\C_\pico\pico-sdk\src\rp2_common\pico_double\double_aeabi.S.obj
 .debug_ranges  0x00002808       0x30 CMakeFiles\myblink.dir\C_\pico\pico-sdk\src\rp2_common\pico_double\double_init_rom.c.obj
 .debug_ranges  0x00002838       0xc0 CMakeFiles\myblink.dir\C_\pico\pico-sdk\src\rp2_common\pico_double\double_v1_rom_shim.S.obj
 .debug_ranges  0x000028f8      0x128 CMakeFiles\myblink.dir\C_\pico\pico-sdk\src\rp2_common\pico_float\float_aeabi.S.obj
 .debug_ranges  0x00002a20       0x28 CMakeFiles\myblink.dir\C_\pico\pico-sdk\src\rp2_common\pico_float\float_init_rom.c.obj
 .debug_ranges  0x00002a48       0x48 CMakeFiles\myblink.dir\C_\pico\pico-sdk\src\rp2_common\pico_float\float_v1_rom_shim.S.obj
 .debug_ranges  0x00002a90       0x30 CMakeFiles\myblink.dir\C_\pico\pico-sdk\src\rp2_common\pico_mem_ops\mem_ops_aeabi.S.obj
 .debug_ranges  0x00002ac0       0x20 CMakeFiles\myblink.dir\C_\pico\pico-sdk\src\rp2_common\pico_standard_link\crt0.S.obj
 .debug_ranges  0x00002ae0      0x1b0 CMakeFiles\myblink.dir\C_\pico\pico-sdk\src\rp2_common\pico_stdio\stdio.c.obj
 .debug_ranges  0x00002c90      0x4e0 CMakeFiles\myblink.dir\C_\pico\pico-sdk\src\rp2_common\hardware_pio\pio.c.obj

.debug_line     0x00000000     0xd351
 .debug_line    0x00000000      0x589 CMakeFiles\myblink.dir\main.c.obj
 .debug_line    0x00000589      0x48d CMakeFiles\myblink.dir\C_\pico\pico-sdk\src\rp2_common\pico_stdlib\stdlib.c.obj
 .debug_line    0x00000a16      0x97f CMakeFiles\myblink.dir\C_\pico\pico-sdk\src\rp2_common\hardware_gpio\gpio.c.obj
 .debug_line    0x00001395      0x433 CMakeFiles\myblink.dir\C_\pico\pico-sdk\src\rp2_common\hardware_claim\claim.c.obj
 .debug_line    0x000017c8      0x24c CMakeFiles\myblink.dir\C_\pico\pico-sdk\src\rp2_common\pico_platform\platform.c.obj
 .debug_line    0x00001a14      0x42f CMakeFiles\myblink.dir\C_\pico\pico-sdk\src\rp2_common\hardware_sync\sync.c.obj
 .debug_line    0x00001e43     0x187d CMakeFiles\myblink.dir\C_\pico\pico-sdk\src\common\pico_time\time.c.obj
 .debug_line    0x000036c0      0xa71 CMakeFiles\myblink.dir\C_\pico\pico-sdk\src\rp2_common\hardware_timer\timer.c.obj
 .debug_line    0x00004131      0x1e6 CMakeFiles\myblink.dir\C_\pico\pico-sdk\src\common\pico_sync\lock_core.c.obj
 .debug_line    0x00004317      0xf9d CMakeFiles\myblink.dir\C_\pico\pico-sdk\src\common\pico_sync\mutex.c.obj
 .debug_line    0x000052b4      0x86a CMakeFiles\myblink.dir\C_\pico\pico-sdk\src\common\pico_util\pheap.c.obj
 .debug_line    0x00005b1e      0x7a3 CMakeFiles\myblink.dir\C_\pico\pico-sdk\src\rp2_common\pico_runtime\runtime.c.obj
 .debug_line    0x000062c1      0x91e CMakeFiles\myblink.dir\C_\pico\pico-sdk\src\rp2_common\hardware_clocks\clocks.c.obj
 .debug_line    0x00006bdf      0xe37 CMakeFiles\myblink.dir\C_\pico\pico-sdk\src\rp2_common\hardware_irq\irq.c.obj
 .debug_line    0x00007a16      0x4ec CMakeFiles\myblink.dir\C_\pico\pico-sdk\src\rp2_common\hardware_pll\pll.c.obj
 .debug_line    0x00007f02      0x3d9 CMakeFiles\myblink.dir\C_\pico\pico-sdk\src\rp2_common\hardware_watchdog\watchdog.c.obj
 .debug_line    0x000082db      0x27d CMakeFiles\myblink.dir\C_\pico\pico-sdk\src\rp2_common\hardware_xosc\xosc.c.obj
 .debug_line    0x00008558     0x120e CMakeFiles\myblink.dir\C_\pico\pico-sdk\src\rp2_common\pico_printf\printf.c.obj
 .debug_line    0x00009766      0x13d CMakeFiles\myblink.dir\C_\pico\pico-sdk\src\rp2_common\pico_bit_ops\bit_ops_aeabi.S.obj
 .debug_line    0x000098a3      0x20f CMakeFiles\myblink.dir\C_\pico\pico-sdk\src\rp2_common\pico_bootrom\bootrom.c.obj
 .debug_line    0x00009ab2      0x2c6 CMakeFiles\myblink.dir\C_\pico\pico-sdk\src\rp2_common\pico_divider\divider.S.obj
 .debug_line    0x00009d78      0x41b CMakeFiles\myblink.dir\C_\pico\pico-sdk\src\rp2_common\pico_double\double_aeabi.S.obj
 .debug_line    0x0000a193      0x30c CMakeFiles\myblink.dir\C_\pico\pico-sdk\src\rp2_common\pico_double\double_init_rom.c.obj
 .debug_line    0x0000a49f      0x691 CMakeFiles\myblink.dir\C_\pico\pico-sdk\src\rp2_common\pico_double\double_v1_rom_shim.S.obj
 .debug_line    0x0000ab30       0x8d CMakeFiles\myblink.dir\C_\pico\pico-sdk\src\rp2_common\pico_int64_ops\pico_int64_ops_aeabi.S.obj
 .debug_line    0x0000abbd      0x3d1 CMakeFiles\myblink.dir\C_\pico\pico-sdk\src\rp2_common\pico_float\float_aeabi.S.obj
 .debug_line    0x0000af8e      0x2fe CMakeFiles\myblink.dir\C_\pico\pico-sdk\src\rp2_common\pico_float\float_init_rom.c.obj
 .debug_line    0x0000b28c      0x1bd CMakeFiles\myblink.dir\C_\pico\pico-sdk\src\rp2_common\pico_float\float_v1_rom_shim.S.obj
 .debug_line    0x0000b449       0xb7 CMakeFiles\myblink.dir\C_\pico\pico-sdk\src\rp2_common\pico_mem_ops\mem_ops_aeabi.S.obj
 .debug_line    0x0000b500       0xc8 CMakeFiles\myblink.dir\C_\pico\pico-sdk\src\rp2_common\pico_standard_link\crt0.S.obj
 .debug_line    0x0000b5c8      0x18f CMakeFiles\myblink.dir\C_\pico\pico-sdk\src\rp2_common\pico_standard_link\binary_info.c.obj
 .debug_line    0x0000b757      0xc8d CMakeFiles\myblink.dir\C_\pico\pico-sdk\src\rp2_common\pico_stdio\stdio.c.obj
 .debug_line    0x0000c3e4      0xf6d CMakeFiles\myblink.dir\C_\pico\pico-sdk\src\rp2_common\hardware_pio\pio.c.obj

.debug_str      0x00000000     0x351e
 .debug_str     0x00000000      0x6ae CMakeFiles\myblink.dir\main.c.obj
                                0x75f (size before relaxing)
 .debug_str     0x000006ae      0x139 CMakeFiles\myblink.dir\C_\pico\pico-sdk\src\rp2_common\pico_stdlib\stdlib.c.obj
                                0x35b (size before relaxing)
 .debug_str     0x000007e7      0x5c1 CMakeFiles\myblink.dir\C_\pico\pico-sdk\src\rp2_common\hardware_gpio\gpio.c.obj
                                0x879 (size before relaxing)
 .debug_str     0x00000da8      0x1b1 CMakeFiles\myblink.dir\C_\pico\pico-sdk\src\rp2_common\hardware_claim\claim.c.obj